		LINK EDITOR MEMORY MAP
output		input		virtual
section		section		address		    size
.text   			3ffbffc4450	   3a090
		.text   	3ffbffc4450	    1aa0 ../lib/libCenteredBhabhas.a(CenteredBhabhas.o)
		.text   	3ffbffc5ef0	     1f0 ../lib/libCenteredBhabhas.a(CenteredBhabhas_DONT_TOUCH.o)
		.text   	3ffbffc60e0	      a0 ../lib/libCenteredBhabhas.a(CenteredBhabhas_DONT_TOUCH2.o)
		.text   	3ffbffc6180	      80 /usr/lib/cmplrs/cxx/_main.o
		.text   	3ffbffc4450	   35860 /nfs/cleo3/Offline/rel/current/lib/OSF1//cxx/libProcessor.so
		.text   	3ffbffc6200	    2950 /nfs/cleo3/Offline/rel/current/lib/OSF1//cxx/libCommandPattern.a(Module.o)
		.text   	3ffbffc8b50	     4c0 /nfs/cleo3/Offline/rel/current/lib/OSF1//cxx/libCommandPattern.a(LoaderMultiFactoryChooser.o)
		.text   	3ffbffc9010	    1880 /nfs/cleo3/Offline/rel/current/lib/OSF1//cxx/libCommandPattern.a(Command.o)
		.text   	3ffbffca890	     980 /nfs/cleo3/Offline/rel/current/lib/OSF1//cxx/libCommandPattern.a(ExitCommand.o)
		.text   	3ffbffcb210	     980 /nfs/cleo3/Offline/rel/current/lib/OSF1//cxx/libCommandPattern.a(QuitCommand.o)
		.text   	3ffbffcbb90	     2b0 /nfs/cleo3/Offline/rel/current/lib/OSF1//cxx/libCommandPattern.a(HelpCommand.o)
		.text   	3ffbffcbe40	     ab0 /nfs/cleo3/Offline/rel/current/lib/OSF1//cxx/libCommandPattern.a(EchoCommand.o)
		.text   	3ffbffcc8f0	    19f0 /nfs/cleo3/Offline/rel/current/lib/OSF1//cxx/libCommandPattern.a(HistoryCommand.o)
		.text   	3ffbffce2e0	     db0 /nfs/cleo3/Offline/rel/current/lib/OSF1//cxx/libCommandPattern.a(RunCommandFileCommand.o)
		.text   	3ffbffcf090	    1160 /nfs/cleo3/Offline/rel/current/lib/OSF1//cxx/libCommandPattern.a(Interpreter.o)
		.text   	3ffbffd01f0	    2640 /nfs/cleo3/Offline/rel/current/lib/OSF1//cxx/libCommandPattern.a(T_map_string_CommandP.o)
		.text   	3ffbffd2830	    2640 /nfs/cleo3/Offline/rel/current/lib/OSF1//cxx/libCommandPattern.a(T_map_string_Command_SubcommandBaseP.o)
		.text   	3ffbffd4e70	     550 /nfs/cleo3/Offline/rel/current/lib/OSF1//cxx/libCommandPattern.a(Conversion.o)
		.text   	3ffbffd53c0	     640 /nfs/cleo3/Offline/rel/current/lib/OSF1//cxx/libCommandPattern.a(SubcommandBase.o)
		.text   	3ffbffd5a00	    1150 /nfs/cleo3/Offline/rel/current/lib/OSF1//cxx/libCommandPattern.a(T_vector_ModuleP.o)
		.text   	3ffbffd6b50	    5240 /nfs/cleo3/Offline/rel/current/lib/OSF1//cxx/libNavigation.a(T_NavShower.o)
		.text   	3ffbffdbd90	    48b0 /nfs/cleo3/Offline/rel/current/lib/OSF1//cxx/libNavigation.a(ManyNavShowerStorageHelper.o)
		.text   	3ffbffe0640	    25e0 /nfs/cleo3/Offline/rel/current/lib/OSF1//cxx/libNavigation.a(NavShowerStorageHelper.o)
		.text   	3ffbffe2c20	     330 /nfs/cleo3/Offline/rel/current/lib/OSF1//cxx/libNavigation.a(NavShower_condes.o)
		.text   	3ffbffe2f50	    1820 /nfs/cleo3/Offline/rel/current/lib/OSF1//cxx/libC3cc.a(CcShowerAttributes.o)
		.text   	3ffbffe4770	     5c0 /nfs/cleo3/Offline/rel/current/lib/OSF1//cxx/libC3cc.a(CcBasicShowerAttsArg.o)
		.text   	3ffbffe4d30	    11a0 /nfs/cleo3/Offline/rel/current/lib/OSF1//cxx/libC3cc.a(ccgecs3.o)
		.text   	3ffbffe5ed0	     290 /nfs/cleo3/Offline/rel/current/lib/OSF1//cxx/libC3cc.a(ccblok.o)
		.text   	3ffbffe6160	     310 /nfs/cleo3/Offline/rel/current/lib/OSF1//cxx/libC3cc.a(ccpock.o)
		.text   	3ffbffe6470	     1a0 /nfs/cleo3/Offline/rel/current/lib/OSF1//cxx/libC3cc.a(cce925.o)
		.text   	3ffbffc4450	   15140 /nfs/cleo3/Offline/rel/current/lib/OSF1//cxx/libStorageManagement.so
		.text   	3ffbffc4450	   2fc80 /nfs/cleo3/Offline/rel/current/lib/OSF1//cxx/libDataHandler.so
		.text   	3ffbffc4450	   33f90 /nfs/cleo3/Offline/rel/current/lib/OSF1//cxx/libToolBox.so
		.text   	3ffbffe6610	    1200 /nfs/cleo3/Offline/rel/current/lib/OSF1//cxx/libUtility.a(StringTokenizer.o)
		.text   	3ffbffe7810	    3850 /nfs/cleo3/Offline/rel/current/lib/OSF1//cxx/libUtility.a(STL_dequeOfString.o)
		.text   	3ffbffeb060	    6680 /nfs/cleo3/Offline/rel/current/other_sources/lib/OSF1/cxx/libCLHEP.a(SymMatrix.o)
		.text   	3ffbfff16e0	     750 /nfs/cleo3/Offline/rel/current/other_sources/lib/OSF1/cxx/libCLHEP.a(GenMatrix.o)
		.text   	3ffbfff1e30	     bd0 /nfs/cleo3/Offline/rel/current/other_sources/lib/OSF1/cxx/libCLHEP.a(ThreeVector.o)
		.text   	3ffbfff2a00	    32a0 /nfs/cleo3/Offline/rel/current/other_sources/lib/OSF1/cxx/libCLHEP.a(Matrix.o)
		.text   	3ffbfff5ca0	    3290 /nfs/cleo3/Offline/rel/current/other_sources/lib/OSF1/cxx/libCLHEP.a(Vector.o)
		.text   	3ffbfff8f30	    4570 /nfs/cleo3/Offline/rel/current/other_sources/lib/OSF1/cxx/libCLHEP.a(MatrixLinear.o)
		.text   	3ffbfffd4a0	     e10 /nfs/cleo3/Offline/rel/current/other_sources/lib/OSF1/cxx/libCLHEP.a(Rotation.o)
		.text   	3ffbffc4450	    73b0 /usr/shlib/librt.so
		.text   	3ffbffc4450	    7b00 /usr/shlib/libUfor.so
		.text   	3ffbffc4450	   48cd0 /usr/shlib/libfor.so
		.text   	3ffbffc4450	   1faf0 /usr/shlib/libFutil.so
		.text   	3ffbffc4450	    6e90 /usr/shlib/libots.so
		.text   	3ffbffc4450	   44f00 /usr/shlib/libm.so
		.text   	3ffbffc4450	   1caf0 /usr/lib/cmplrs/cxx/libcxx.so
		.text   	3ffbffc4450	    2630 /usr/shlib/libexc.so
		.text   	3ffbffc4450	   d0350 /usr/shlib/libc.so
		.text   	3ffbfffe2b0	     230 /usr/lib/cmplrs/cc//libexc_init.a(call.o)
.init   			3ffbfffe4e0	      d0
		.init   	3ffbfffe4e0	      70 /nfs/cleo3/Offline/rel/current/lib/OSF1//cxx/libProcessor.so
		.init   	3ffbfffe4e0	      60 /nfs/cleo3/Offline/rel/current/lib/OSF1//cxx/libStorageManagement.so
		.init   	3ffbfffe4e0	      e0 /nfs/cleo3/Offline/rel/current/lib/OSF1//cxx/libDataHandler.so
		.init   	3ffbfffe4e0	      60 /nfs/cleo3/Offline/rel/current/lib/OSF1//cxx/libToolBox.so
		.init   	3ffbfffe4e0	      60 /usr/shlib/librt.so
		.init   	3ffbfffe4e0	      40 /usr/shlib/libUfor.so
		.init   	3ffbfffe4e0	      50 /usr/shlib/libfor.so
		.init   	3ffbfffe4e0	      40 /usr/shlib/libFutil.so
		.init   	3ffbfffe4e0	      40 /usr/shlib/libots.so
		.init   	3ffbfffe4e0	      40 /usr/shlib/libm.so
		.init   	3ffbfffe4e0	      a0 /usr/lib/cmplrs/cxx/libcxx.so
		.init   	3ffbfffe4e0	      40 /usr/shlib/libexc.so
		.init   	3ffbfffe4e0	      50 /usr/shlib/libc.so
.fini   			3ffbfffe5b0	      50
		.fini   	3ffbfffe5b0	      50 /nfs/cleo3/Offline/rel/current/lib/OSF1//cxx/libProcessor.so
		.fini   	3ffbfffe5b0	      50 /nfs/cleo3/Offline/rel/current/lib/OSF1//cxx/libStorageManagement.so
		.fini   	3ffbfffe5b0	      50 /nfs/cleo3/Offline/rel/current/lib/OSF1//cxx/libDataHandler.so
		.fini   	3ffbfffe5b0	      50 /nfs/cleo3/Offline/rel/current/lib/OSF1//cxx/libToolBox.so
		.fini   	3ffbfffe5b0	      40 /usr/shlib/librt.so
		.fini   	3ffbfffe5b0	      40 /usr/shlib/libUfor.so
		.fini   	3ffbfffe5b0	      40 /usr/shlib/libfor.so
		.fini   	3ffbfffe5b0	      40 /usr/shlib/libFutil.so
		.fini   	3ffbfffe5b0	      40 /usr/shlib/libots.so
		.fini   	3ffbfffe5b0	      40 /usr/shlib/libm.so
		.fini   	3ffbfffe5b0	      40 /usr/lib/cmplrs/cxx/libcxx.so
		.fini   	3ffbfffe5b0	      40 /usr/shlib/libexc.so
		.fini   	3ffbfffe5b0	      60 /usr/shlib/libc.so
.rdata  			3fffffd03b0	    c5d0
		.rdata  	3fffffd03b0	     4e0 ../lib/libCenteredBhabhas.a(CenteredBhabhas.o)
		.rdata  	3fffffd0890	     150 ../lib/libCenteredBhabhas.a(CenteredBhabhas_DONT_TOUCH.o)
		.rdata  	3fffffd09e0	      60 ../lib/libCenteredBhabhas.a(CenteredBhabhas_DONT_TOUCH2.o)
		.rdata  	3fffffd0a40	      50 /usr/lib/cmplrs/cxx/_main.o
		.rdata  	3fffffd03b0	    ef20 /nfs/cleo3/Offline/rel/current/lib/OSF1//cxx/libProcessor.so
		.rdata  	3fffffd0a90	     8f0 /nfs/cleo3/Offline/rel/current/lib/OSF1//cxx/libCommandPattern.a(Module.o)
		.rdata  	3fffffd1380	     120 /nfs/cleo3/Offline/rel/current/lib/OSF1//cxx/libCommandPattern.a(LoaderMultiFactoryChooser.o)
		.rdata  	3fffffd14a0	     700 /nfs/cleo3/Offline/rel/current/lib/OSF1//cxx/libCommandPattern.a(Command.o)
		.rdata  	3fffffd1ba0	     2f0 /nfs/cleo3/Offline/rel/current/lib/OSF1//cxx/libCommandPattern.a(ExitCommand.o)
		.rdata  	3fffffd1e90	     2f0 /nfs/cleo3/Offline/rel/current/lib/OSF1//cxx/libCommandPattern.a(QuitCommand.o)
		.rdata  	3fffffd2180	     180 /nfs/cleo3/Offline/rel/current/lib/OSF1//cxx/libCommandPattern.a(HelpCommand.o)
		.rdata  	3fffffd2300	     3f0 /nfs/cleo3/Offline/rel/current/lib/OSF1//cxx/libCommandPattern.a(EchoCommand.o)
		.rdata  	3fffffd26f0	     730 /nfs/cleo3/Offline/rel/current/lib/OSF1//cxx/libCommandPattern.a(HistoryCommand.o)
		.rdata  	3fffffd2e20	     530 /nfs/cleo3/Offline/rel/current/lib/OSF1//cxx/libCommandPattern.a(RunCommandFileCommand.o)
		.rdata  	3fffffd3350	     5d0 /nfs/cleo3/Offline/rel/current/lib/OSF1//cxx/libCommandPattern.a(Interpreter.o)
		.rdata  	3fffffd3920	     690 /nfs/cleo3/Offline/rel/current/lib/OSF1//cxx/libCommandPattern.a(T_map_string_CommandP.o)
		.rdata  	3fffffd3fb0	     690 /nfs/cleo3/Offline/rel/current/lib/OSF1//cxx/libCommandPattern.a(T_map_string_Command_SubcommandBaseP.o)
		.rdata  	3fffffd4640	     160 /nfs/cleo3/Offline/rel/current/lib/OSF1//cxx/libCommandPattern.a(Conversion.o)
		.rdata  	3fffffd47a0	     2f0 /nfs/cleo3/Offline/rel/current/lib/OSF1//cxx/libCommandPattern.a(SubcommandBase.o)
		.rdata  	3fffffd4a90	     300 /nfs/cleo3/Offline/rel/current/lib/OSF1//cxx/libCommandPattern.a(T_vector_ModuleP.o)
		.rdata  	3fffffd4d90	    1a90 /nfs/cleo3/Offline/rel/current/lib/OSF1//cxx/libNavigation.a(T_NavShower.o)
		.rdata  	3fffffd6820	    23a0 /nfs/cleo3/Offline/rel/current/lib/OSF1//cxx/libNavigation.a(ManyNavShowerStorageHelper.o)
		.rdata  	3fffffd8bc0	     fb0 /nfs/cleo3/Offline/rel/current/lib/OSF1//cxx/libNavigation.a(NavShowerStorageHelper.o)
		.rdata  	3fffffd9b70	     100 /nfs/cleo3/Offline/rel/current/lib/OSF1//cxx/libNavigation.a(NavShower_condes.o)
		.rdata  	3fffffd9c70	     3a0 /nfs/cleo3/Offline/rel/current/lib/OSF1//cxx/libC3cc.a(CcShowerAttributes.o)
		.rdata  	3fffffd03b0	    5a30 /nfs/cleo3/Offline/rel/current/lib/OSF1//cxx/libStorageManagement.so
		.rdata  	3fffffd03b0	    b690 /nfs/cleo3/Offline/rel/current/lib/OSF1//cxx/libDataHandler.so
		.rdata  	3fffffd03b0	    acb0 /nfs/cleo3/Offline/rel/current/lib/OSF1//cxx/libToolBox.so
		.rdata  	3fffffda010	     670 /nfs/cleo3/Offline/rel/current/lib/OSF1//cxx/libUtility.a(StringTokenizer.o)
		.rdata  	3fffffda680	     510 /nfs/cleo3/Offline/rel/current/lib/OSF1//cxx/libUtility.a(STL_dequeOfString.o)
		.rdata  	3fffffdab90	     900 /nfs/cleo3/Offline/rel/current/other_sources/lib/OSF1/cxx/libCLHEP.a(SymMatrix.o)
		.rdata  	3fffffdb490	      f0 /nfs/cleo3/Offline/rel/current/other_sources/lib/OSF1/cxx/libCLHEP.a(GenMatrix.o)
		.rdata  	3fffffdb580	      90 /nfs/cleo3/Offline/rel/current/other_sources/lib/OSF1/cxx/libCLHEP.a(ThreeVector.o)
		.rdata  	3fffffdb610	     620 /nfs/cleo3/Offline/rel/current/other_sources/lib/OSF1/cxx/libCLHEP.a(Matrix.o)
		.rdata  	3fffffdbc30	     730 /nfs/cleo3/Offline/rel/current/other_sources/lib/OSF1/cxx/libCLHEP.a(Vector.o)
		.rdata  	3fffffdc360	     580 /nfs/cleo3/Offline/rel/current/other_sources/lib/OSF1/cxx/libCLHEP.a(MatrixLinear.o)
		.rdata  	3fffffdc8e0	      a0 /nfs/cleo3/Offline/rel/current/other_sources/lib/OSF1/cxx/libCLHEP.a(Rotation.o)
		.rdata  	3fffffd03b0	      c0 /usr/shlib/librt.so
		.rdata  	3fffffd03b0	     dd0 /usr/shlib/libfor.so
		.rdata  	3fffffd03b0	    4de0 /usr/lib/cmplrs/cxx/libcxx.so
		.rdata  	3fffffd03b0	    14c0 /usr/shlib/libc.so
.rconst 			3ffbffbb190	    7260
		.rconst 	3ffbffbb190	     2f0 ../lib/libCenteredBhabhas.a(CenteredBhabhas.o)
		.rconst 	3ffbffbb480	      b0 ../lib/libCenteredBhabhas.a(CenteredBhabhas_DONT_TOUCH.o)
		.rconst 	3ffbffbb530	      80 ../lib/libCenteredBhabhas.a(CenteredBhabhas_DONT_TOUCH2.o)
		.rconst 	3ffbffbb5b0	      10 /usr/lib/cmplrs/cxx/_main.o
		.rconst 	3ffbffbb190	    aac0 /nfs/cleo3/Offline/rel/current/lib/OSF1//cxx/libProcessor.so
		.rconst 	3ffbffbb5c0	     710 /nfs/cleo3/Offline/rel/current/lib/OSF1//cxx/libCommandPattern.a(Module.o)
		.rconst 	3ffbffbbcd0	     170 /nfs/cleo3/Offline/rel/current/lib/OSF1//cxx/libCommandPattern.a(LoaderMultiFactoryChooser.o)
		.rconst 	3ffbffbbe40	     3c0 /nfs/cleo3/Offline/rel/current/lib/OSF1//cxx/libCommandPattern.a(Command.o)
		.rconst 	3ffbffbc200	     120 /nfs/cleo3/Offline/rel/current/lib/OSF1//cxx/libCommandPattern.a(ExitCommand.o)
		.rconst 	3ffbffbc320	     130 /nfs/cleo3/Offline/rel/current/lib/OSF1//cxx/libCommandPattern.a(QuitCommand.o)
		.rconst 	3ffbffbc450	      60 /nfs/cleo3/Offline/rel/current/lib/OSF1//cxx/libCommandPattern.a(HelpCommand.o)
		.rconst 	3ffbffbc4b0	     1f0 /nfs/cleo3/Offline/rel/current/lib/OSF1//cxx/libCommandPattern.a(EchoCommand.o)
		.rconst 	3ffbffbc6a0	     9a0 /nfs/cleo3/Offline/rel/current/lib/OSF1//cxx/libCommandPattern.a(HistoryCommand.o)
		.rconst 	3ffbffbd040	     2f0 /nfs/cleo3/Offline/rel/current/lib/OSF1//cxx/libCommandPattern.a(RunCommandFileCommand.o)
		.rconst 	3ffbffbd330	     250 /nfs/cleo3/Offline/rel/current/lib/OSF1//cxx/libCommandPattern.a(Interpreter.o)
		.rconst 	3ffbffbd580	     180 /nfs/cleo3/Offline/rel/current/lib/OSF1//cxx/libCommandPattern.a(T_map_string_CommandP.o)
		.rconst 	3ffbffbd700	     180 /nfs/cleo3/Offline/rel/current/lib/OSF1//cxx/libCommandPattern.a(T_map_string_Command_SubcommandBaseP.o)
		.rconst 	3ffbffbd880	      c0 /nfs/cleo3/Offline/rel/current/lib/OSF1//cxx/libCommandPattern.a(Conversion.o)
		.rconst 	3ffbffbd940	      e0 /nfs/cleo3/Offline/rel/current/lib/OSF1//cxx/libCommandPattern.a(SubcommandBase.o)
		.rconst 	3ffbffbda20	    1270 /nfs/cleo3/Offline/rel/current/lib/OSF1//cxx/libNavigation.a(T_NavShower.o)
		.rconst 	3ffbffbec90	    13e0 /nfs/cleo3/Offline/rel/current/lib/OSF1//cxx/libNavigation.a(ManyNavShowerStorageHelper.o)
		.rconst 	3ffbffc0070	     660 /nfs/cleo3/Offline/rel/current/lib/OSF1//cxx/libNavigation.a(NavShowerStorageHelper.o)
		.rconst 	3ffbffc06d0	      60 /nfs/cleo3/Offline/rel/current/lib/OSF1//cxx/libNavigation.a(NavShower_condes.o)
		.rconst 	3ffbffc0730	     2e0 /nfs/cleo3/Offline/rel/current/lib/OSF1//cxx/libC3cc.a(CcShowerAttributes.o)
		.rconst 	3ffbffc0a10	     270 /nfs/cleo3/Offline/rel/current/lib/OSF1//cxx/libC3cc.a(ccgecs3.o)
		.rconst 	3ffbffc0c80	      20 /nfs/cleo3/Offline/rel/current/lib/OSF1//cxx/libC3cc.a(ccblok.o)
		.rconst 	3ffbffc0ca0	      20 /nfs/cleo3/Offline/rel/current/lib/OSF1//cxx/libC3cc.a(ccpock.o)
		.rconst 	3ffbffc0cc0	      40 /nfs/cleo3/Offline/rel/current/lib/OSF1//cxx/libC3cc.a(cce925.o)
		.rconst 	3ffbffbb190	    15c0 /nfs/cleo3/Offline/rel/current/lib/OSF1//cxx/libStorageManagement.so
		.rconst 	3ffbffbb190	    4090 /nfs/cleo3/Offline/rel/current/lib/OSF1//cxx/libDataHandler.so
		.rconst 	3ffbffbb190	    26f0 /nfs/cleo3/Offline/rel/current/lib/OSF1//cxx/libToolBox.so
		.rconst 	3ffbffc0d00	     1d0 /nfs/cleo3/Offline/rel/current/lib/OSF1//cxx/libUtility.a(StringTokenizer.o)
		.rconst 	3ffbffc0ed0	      80 /nfs/cleo3/Offline/rel/current/lib/OSF1//cxx/libUtility.a(STL_dequeOfString.o)
		.rconst 	3ffbffc0f50	     510 /nfs/cleo3/Offline/rel/current/other_sources/lib/OSF1/cxx/libCLHEP.a(SymMatrix.o)
		.rconst 	3ffbffc1460	      60 /nfs/cleo3/Offline/rel/current/other_sources/lib/OSF1/cxx/libCLHEP.a(GenMatrix.o)
		.rconst 	3ffbffc14c0	     170 /nfs/cleo3/Offline/rel/current/other_sources/lib/OSF1/cxx/libCLHEP.a(ThreeVector.o)
		.rconst 	3ffbffc1630	     400 /nfs/cleo3/Offline/rel/current/other_sources/lib/OSF1/cxx/libCLHEP.a(Matrix.o)
		.rconst 	3ffbffc1a30	     570 /nfs/cleo3/Offline/rel/current/other_sources/lib/OSF1/cxx/libCLHEP.a(Vector.o)
		.rconst 	3ffbffc1fa0	     350 /nfs/cleo3/Offline/rel/current/other_sources/lib/OSF1/cxx/libCLHEP.a(MatrixLinear.o)
		.rconst 	3ffbffc22f0	      f0 /nfs/cleo3/Offline/rel/current/other_sources/lib/OSF1/cxx/libCLHEP.a(Rotation.o)
		.rconst 	3ffbffbb190	     340 /usr/shlib/librt.so
		.rconst 	3ffbffbb190	     1e0 /usr/shlib/libUfor.so
		.rconst 	3ffbffbb190	    3960 /usr/shlib/libfor.so
		.rconst 	3ffbffbb190	    1ee0 /usr/shlib/libFutil.so
		.rconst 	3ffbffbb190	      10 /usr/shlib/libots.so
		.rconst 	3ffbffbb190	   185f0 /usr/shlib/libm.so
		.rconst 	3ffbffbb190	    24a0 /usr/lib/cmplrs/cxx/libcxx.so
		.rconst 	3ffbffbb190	      80 /usr/shlib/libexc.so
		.rconst 	3ffbffbb190	   20000 /usr/shlib/libc.so
		.rconst 	3ffbffc23e0	      10 /usr/lib/cmplrs/cc//libexc_init.a(call.o)
.xdata  			3fffffdc980	    3bf0
		.xdata  	3fffffdc980	     130 ../lib/libCenteredBhabhas.a(CenteredBhabhas.o)
		.xdata  	3fffffdcab0	      50 ../lib/libCenteredBhabhas.a(CenteredBhabhas_DONT_TOUCH.o)
		.xdata  	3fffffdcb00	      20 ../lib/libCenteredBhabhas.a(CenteredBhabhas_DONT_TOUCH2.o)
		.xdata  	3fffffdcb20	      20 /usr/lib/cmplrs/cxx/_main.o
		.xdata  	3fffffdc980	    3c90 /nfs/cleo3/Offline/rel/current/lib/OSF1//cxx/libProcessor.so
		.xdata  	3fffffdcb40	     2c0 /nfs/cleo3/Offline/rel/current/lib/OSF1//cxx/libCommandPattern.a(Module.o)
		.xdata  	3fffffdce00	      30 /nfs/cleo3/Offline/rel/current/lib/OSF1//cxx/libCommandPattern.a(LoaderMultiFactoryChooser.o)
		.xdata  	3fffffdce30	     260 /nfs/cleo3/Offline/rel/current/lib/OSF1//cxx/libCommandPattern.a(Command.o)
		.xdata  	3fffffdd090	     100 /nfs/cleo3/Offline/rel/current/lib/OSF1//cxx/libCommandPattern.a(ExitCommand.o)
		.xdata  	3fffffdd190	     100 /nfs/cleo3/Offline/rel/current/lib/OSF1//cxx/libCommandPattern.a(QuitCommand.o)
		.xdata  	3fffffdd290	      70 /nfs/cleo3/Offline/rel/current/lib/OSF1//cxx/libCommandPattern.a(HelpCommand.o)
		.xdata  	3fffffdd300	     140 /nfs/cleo3/Offline/rel/current/lib/OSF1//cxx/libCommandPattern.a(EchoCommand.o)
		.xdata  	3fffffdd440	     1b0 /nfs/cleo3/Offline/rel/current/lib/OSF1//cxx/libCommandPattern.a(HistoryCommand.o)
		.xdata  	3fffffdd5f0	     190 /nfs/cleo3/Offline/rel/current/lib/OSF1//cxx/libCommandPattern.a(RunCommandFileCommand.o)
		.xdata  	3fffffdd780	     1d0 /nfs/cleo3/Offline/rel/current/lib/OSF1//cxx/libCommandPattern.a(Interpreter.o)
		.xdata  	3fffffdd950	     2b0 /nfs/cleo3/Offline/rel/current/lib/OSF1//cxx/libCommandPattern.a(T_map_string_CommandP.o)
		.xdata  	3fffffddc00	     2b0 /nfs/cleo3/Offline/rel/current/lib/OSF1//cxx/libCommandPattern.a(T_map_string_Command_SubcommandBaseP.o)
		.xdata  	3fffffddeb0	      70 /nfs/cleo3/Offline/rel/current/lib/OSF1//cxx/libCommandPattern.a(Conversion.o)
		.xdata  	3fffffddf20	      f0 /nfs/cleo3/Offline/rel/current/lib/OSF1//cxx/libCommandPattern.a(SubcommandBase.o)
		.xdata  	3fffffde010	      f0 /nfs/cleo3/Offline/rel/current/lib/OSF1//cxx/libCommandPattern.a(T_vector_ModuleP.o)
		.xdata  	3fffffde100	     690 /nfs/cleo3/Offline/rel/current/lib/OSF1//cxx/libNavigation.a(T_NavShower.o)
		.xdata  	3fffffde790	     790 /nfs/cleo3/Offline/rel/current/lib/OSF1//cxx/libNavigation.a(ManyNavShowerStorageHelper.o)
		.xdata  	3fffffdef20	     400 /nfs/cleo3/Offline/rel/current/lib/OSF1//cxx/libNavigation.a(NavShowerStorageHelper.o)
		.xdata  	3fffffdf320	      40 /nfs/cleo3/Offline/rel/current/lib/OSF1//cxx/libNavigation.a(NavShower_condes.o)
		.xdata  	3fffffdf360	     140 /nfs/cleo3/Offline/rel/current/lib/OSF1//cxx/libC3cc.a(CcShowerAttributes.o)
		.xdata  	3fffffdf4a0	      10 /nfs/cleo3/Offline/rel/current/lib/OSF1//cxx/libC3cc.a(CcBasicShowerAttsArg.o)
		.xdata  	3fffffdf4b0	      10 /nfs/cleo3/Offline/rel/current/lib/OSF1//cxx/libC3cc.a(ccgecs3.o)
		.xdata  	3fffffdf4c0	      10 /nfs/cleo3/Offline/rel/current/lib/OSF1//cxx/libC3cc.a(ccblok.o)
		.xdata  	3fffffdf4d0	      10 /nfs/cleo3/Offline/rel/current/lib/OSF1//cxx/libC3cc.a(ccpock.o)
		.xdata  	3fffffdf4e0	      10 /nfs/cleo3/Offline/rel/current/lib/OSF1//cxx/libC3cc.a(cce925.o)
		.xdata  	3fffffdc980	    1c90 /nfs/cleo3/Offline/rel/current/lib/OSF1//cxx/libStorageManagement.so
		.xdata  	3fffffdc980	    3d50 /nfs/cleo3/Offline/rel/current/lib/OSF1//cxx/libDataHandler.so
		.xdata  	3fffffdc980	    3910 /nfs/cleo3/Offline/rel/current/lib/OSF1//cxx/libToolBox.so
		.xdata  	3fffffdf4f0	     200 /nfs/cleo3/Offline/rel/current/lib/OSF1//cxx/libUtility.a(StringTokenizer.o)
		.xdata  	3fffffdf6f0	     240 /nfs/cleo3/Offline/rel/current/lib/OSF1//cxx/libUtility.a(STL_dequeOfString.o)
		.xdata  	3fffffdf930	     350 /nfs/cleo3/Offline/rel/current/other_sources/lib/OSF1/cxx/libCLHEP.a(SymMatrix.o)
		.xdata  	3fffffdfc80	      40 /nfs/cleo3/Offline/rel/current/other_sources/lib/OSF1/cxx/libCLHEP.a(GenMatrix.o)
		.xdata  	3fffffdfcc0	      90 /nfs/cleo3/Offline/rel/current/other_sources/lib/OSF1/cxx/libCLHEP.a(ThreeVector.o)
		.xdata  	3fffffdfd50	     250 /nfs/cleo3/Offline/rel/current/other_sources/lib/OSF1/cxx/libCLHEP.a(Matrix.o)
		.xdata  	3fffffdffa0	     2e0 /nfs/cleo3/Offline/rel/current/other_sources/lib/OSF1/cxx/libCLHEP.a(Vector.o)
		.xdata  	3fffffe0280	     210 /nfs/cleo3/Offline/rel/current/other_sources/lib/OSF1/cxx/libCLHEP.a(MatrixLinear.o)
		.xdata  	3fffffe0490	      90 /nfs/cleo3/Offline/rel/current/other_sources/lib/OSF1/cxx/libCLHEP.a(Rotation.o)
		.xdata  	3fffffdc980	     320 /usr/shlib/librt.so
		.xdata  	3fffffdc980	     460 /usr/shlib/libUfor.so
		.xdata  	3fffffdc980	     820 /usr/shlib/libfor.so
		.xdata  	3fffffdc980	     450 /usr/shlib/libFutil.so
		.xdata  	3fffffdc980	     1d0 /usr/shlib/libots.so
		.xdata  	3fffffdc980	    1c30 /usr/shlib/libm.so
		.xdata  	3fffffdc980	    1f20 /usr/lib/cmplrs/cxx/libcxx.so
		.xdata  	3fffffdc980	     1c0 /usr/shlib/libexc.so
		.xdata  	3fffffdc980	    4c10 /usr/shlib/libc.so
		.xdata  	3fffffe0520	      20 /usr/lib/cmplrs/cc//libexc_init.a(call.o)
.xdata  			3fffffe0540	      30 exception gp info
.pdata  			3ffbffc23f0	    2060
		.pdata  	3ffbffc23f0	      b0 ../lib/libCenteredBhabhas.a(CenteredBhabhas.o)
		.pdata  	3ffbffc2498	      20 ../lib/libCenteredBhabhas.a(CenteredBhabhas_DONT_TOUCH.o)
		.pdata  	3ffbffc24b8	      10 ../lib/libCenteredBhabhas.a(CenteredBhabhas_DONT_TOUCH2.o)
		.pdata  	3ffbffc24c8	      10 /usr/lib/cmplrs/cxx/_main.o
		.pdata  	3ffbffc23f0	    1c50 /nfs/cleo3/Offline/rel/current/lib/OSF1//cxx/libProcessor.so
		.pdata  	3ffbffc24d0	     1b0 /nfs/cleo3/Offline/rel/current/lib/OSF1//cxx/libCommandPattern.a(Module.o)
		.pdata  	3ffbffc2680	      20 /nfs/cleo3/Offline/rel/current/lib/OSF1//cxx/libCommandPattern.a(LoaderMultiFactoryChooser.o)
		.pdata  	3ffbffc2698	     130 /nfs/cleo3/Offline/rel/current/lib/OSF1//cxx/libCommandPattern.a(Command.o)
		.pdata  	3ffbffc27c0	      80 /nfs/cleo3/Offline/rel/current/lib/OSF1//cxx/libCommandPattern.a(ExitCommand.o)
		.pdata  	3ffbffc2838	      80 /nfs/cleo3/Offline/rel/current/lib/OSF1//cxx/libCommandPattern.a(QuitCommand.o)
		.pdata  	3ffbffc28b0	      40 /nfs/cleo3/Offline/rel/current/lib/OSF1//cxx/libCommandPattern.a(HelpCommand.o)
		.pdata  	3ffbffc28e8	      90 /nfs/cleo3/Offline/rel/current/lib/OSF1//cxx/libCommandPattern.a(EchoCommand.o)
		.pdata  	3ffbffc2978	     100 /nfs/cleo3/Offline/rel/current/lib/OSF1//cxx/libCommandPattern.a(HistoryCommand.o)
		.pdata  	3ffbffc2a78	      b0 /nfs/cleo3/Offline/rel/current/lib/OSF1//cxx/libCommandPattern.a(RunCommandFileCommand.o)
		.pdata  	3ffbffc2b28	      f0 /nfs/cleo3/Offline/rel/current/lib/OSF1//cxx/libCommandPattern.a(Interpreter.o)
		.pdata  	3ffbffc2c18	     1a0 /nfs/cleo3/Offline/rel/current/lib/OSF1//cxx/libCommandPattern.a(T_map_string_CommandP.o)
		.pdata  	3ffbffc2db8	     1a0 /nfs/cleo3/Offline/rel/current/lib/OSF1//cxx/libCommandPattern.a(T_map_string_Command_SubcommandBaseP.o)
		.pdata  	3ffbffc2f58	      40 /nfs/cleo3/Offline/rel/current/lib/OSF1//cxx/libCommandPattern.a(Conversion.o)
		.pdata  	3ffbffc2f98	      60 /nfs/cleo3/Offline/rel/current/lib/OSF1//cxx/libCommandPattern.a(SubcommandBase.o)
		.pdata  	3ffbffc2ff8	      80 /nfs/cleo3/Offline/rel/current/lib/OSF1//cxx/libCommandPattern.a(T_vector_ModuleP.o)
		.pdata  	3ffbffc3078	     3b0 /nfs/cleo3/Offline/rel/current/lib/OSF1//cxx/libNavigation.a(T_NavShower.o)
		.pdata  	3ffbffc3420	     3b0 /nfs/cleo3/Offline/rel/current/lib/OSF1//cxx/libNavigation.a(ManyNavShowerStorageHelper.o)
		.pdata  	3ffbffc37d0	     210 /nfs/cleo3/Offline/rel/current/lib/OSF1//cxx/libNavigation.a(NavShowerStorageHelper.o)
		.pdata  	3ffbffc39d8	      20 /nfs/cleo3/Offline/rel/current/lib/OSF1//cxx/libNavigation.a(NavShower_condes.o)
		.pdata  	3ffbffc39f8	      a0 /nfs/cleo3/Offline/rel/current/lib/OSF1//cxx/libC3cc.a(CcShowerAttributes.o)
		.pdata  	3ffbffc3a90	      e0 /nfs/cleo3/Offline/rel/current/lib/OSF1//cxx/libC3cc.a(CcBasicShowerAttsArg.o)
		.pdata  	3ffbffc3b70	      10 /nfs/cleo3/Offline/rel/current/lib/OSF1//cxx/libC3cc.a(ccgecs3.o)
		.pdata  	3ffbffc3b78	      10 /nfs/cleo3/Offline/rel/current/lib/OSF1//cxx/libC3cc.a(ccblok.o)
		.pdata  	3ffbffc3b80	      10 /nfs/cleo3/Offline/rel/current/lib/OSF1//cxx/libC3cc.a(ccpock.o)
		.pdata  	3ffbffc3b88	      10 /nfs/cleo3/Offline/rel/current/lib/OSF1//cxx/libC3cc.a(cce925.o)
		.pdata  	3ffbffc23f0	    1030 /nfs/cleo3/Offline/rel/current/lib/OSF1//cxx/libStorageManagement.so
		.pdata  	3ffbffc23f0	    20f0 /nfs/cleo3/Offline/rel/current/lib/OSF1//cxx/libDataHandler.so
		.pdata  	3ffbffc23f0	    1f10 /nfs/cleo3/Offline/rel/current/lib/OSF1//cxx/libToolBox.so
		.pdata  	3ffbffc3b90	      d0 /nfs/cleo3/Offline/rel/current/lib/OSF1//cxx/libUtility.a(StringTokenizer.o)
		.pdata  	3ffbffc3c60	     160 /nfs/cleo3/Offline/rel/current/lib/OSF1//cxx/libUtility.a(STL_dequeOfString.o)
		.pdata  	3ffbffc3dc0	     190 /nfs/cleo3/Offline/rel/current/other_sources/lib/OSF1/cxx/libCLHEP.a(SymMatrix.o)
		.pdata  	3ffbffc3f50	      30 /nfs/cleo3/Offline/rel/current/other_sources/lib/OSF1/cxx/libCLHEP.a(GenMatrix.o)
		.pdata  	3ffbffc3f80	      90 /nfs/cleo3/Offline/rel/current/other_sources/lib/OSF1/cxx/libCLHEP.a(ThreeVector.o)
		.pdata  	3ffbffc4010	     130 /nfs/cleo3/Offline/rel/current/other_sources/lib/OSF1/cxx/libCLHEP.a(Matrix.o)
		.pdata  	3ffbffc4140	     180 /nfs/cleo3/Offline/rel/current/other_sources/lib/OSF1/cxx/libCLHEP.a(Vector.o)
		.pdata  	3ffbffc42b8	      f0 /nfs/cleo3/Offline/rel/current/other_sources/lib/OSF1/cxx/libCLHEP.a(MatrixLinear.o)
		.pdata  	3ffbffc43a8	      80 /nfs/cleo3/Offline/rel/current/other_sources/lib/OSF1/cxx/libCLHEP.a(Rotation.o)
		.pdata  	3ffbffc23f0	     390 /usr/shlib/librt.so
		.pdata  	3ffbffc23f0	     2f0 /usr/shlib/libUfor.so
		.pdata  	3ffbffc23f0	     8b0 /usr/shlib/libfor.so
		.pdata  	3ffbffc23f0	     3d0 /usr/shlib/libFutil.so
		.pdata  	3ffbffc23f0	     190 /usr/shlib/libots.so
		.pdata  	3ffbffc23f0	    1160 /usr/shlib/libm.so
		.pdata  	3ffbffc23f0	    1120 /usr/lib/cmplrs/cxx/libcxx.so
		.pdata  	3ffbffc23f0	     190 /usr/shlib/libexc.so
		.pdata  	3ffbffc23f0	    48e0 /usr/shlib/libc.so
		.pdata  	3ffbffc4420	      20 /usr/lib/cmplrs/cc//libexc_init.a(call.o)
.data   			3fffffd0000	     3b0
		.data   	3fffffd0000	      10 ../lib/libCenteredBhabhas.a(CenteredBhabhas.o)
		.data   	3fffffd0000	      b0 /nfs/cleo3/Offline/rel/current/lib/OSF1//cxx/libProcessor.so
		.data   	3fffffd0010	      10 /nfs/cleo3/Offline/rel/current/lib/OSF1//cxx/libCommandPattern.a(Module.o)
		.data   	3fffffd0020	      10 /nfs/cleo3/Offline/rel/current/lib/OSF1//cxx/libCommandPattern.a(ExitCommand.o)
		.data   	3fffffd0030	      10 /nfs/cleo3/Offline/rel/current/lib/OSF1//cxx/libCommandPattern.a(QuitCommand.o)
		.data   	3fffffd0040	      10 /nfs/cleo3/Offline/rel/current/lib/OSF1//cxx/libCommandPattern.a(EchoCommand.o)
		.data   	3fffffd0050	      70 /nfs/cleo3/Offline/rel/current/lib/OSF1//cxx/libCommandPattern.a(HistoryCommand.o)
		.data   	3fffffd00c0	      20 /nfs/cleo3/Offline/rel/current/lib/OSF1//cxx/libCommandPattern.a(RunCommandFileCommand.o)
		.data   	3fffffd00e0	      20 /nfs/cleo3/Offline/rel/current/lib/OSF1//cxx/libNavigation.a(T_NavShower.o)
		.data   	3fffffd0100	      10 /nfs/cleo3/Offline/rel/current/lib/OSF1//cxx/libNavigation.a(ManyNavShowerStorageHelper.o)
		.data   	3fffffd0110	      40 /nfs/cleo3/Offline/rel/current/lib/OSF1//cxx/libNavigation.a(NavShowerStorageHelper.o)
		.data   	3fffffd0150	     140 /nfs/cleo3/Offline/rel/current/lib/OSF1//cxx/libC3cc.a(ccgecs3.o)
		.data   	3fffffd0290	      70 /nfs/cleo3/Offline/rel/current/lib/OSF1//cxx/libC3cc.a(ccblok.o)
		.data   	3fffffd0300	      70 /nfs/cleo3/Offline/rel/current/lib/OSF1//cxx/libC3cc.a(ccpock.o)
		.data   	3fffffd0370	      10 /nfs/cleo3/Offline/rel/current/lib/OSF1//cxx/libC3cc.a(cce925.o)
		.data   	3fffffd0000	      10 /nfs/cleo3/Offline/rel/current/lib/OSF1//cxx/libStorageManagement.so
		.data   	3fffffd0000	     2c0 /nfs/cleo3/Offline/rel/current/lib/OSF1//cxx/libDataHandler.so
		.data   	3fffffd0000	      70 /nfs/cleo3/Offline/rel/current/lib/OSF1//cxx/libToolBox.so
		.data   	3fffffd0380	      30 /nfs/cleo3/Offline/rel/current/other_sources/lib/OSF1/cxx/libCLHEP.a(ThreeVector.o)
		.data   	3fffffd0000	    2620 /usr/shlib/librt.so
		.data   	3fffffd0000	    5260 /usr/shlib/libUfor.so
		.data   	3fffffd0000	    ac30 /usr/shlib/libfor.so
		.data   	3fffffd0000	      f0 /usr/shlib/libFutil.so
		.data   	3fffffd0000	      30 /usr/shlib/libots.so
		.data   	3fffffd0000	     530 /usr/lib/cmplrs/cxx/libcxx.so
		.data   	3fffffd0000	     1d0 /usr/shlib/libexc.so
		.data   	3fffffd0000	    ac10 /usr/shlib/libc.so
.sdata  			3fffffe0570	      30
		.sdata  	3fffffe0570	      30 /nfs/cleo3/Offline/rel/current/lib/OSF1//cxx/libProcessor.so
		.sdata  	3fffffe0570	      40 /nfs/cleo3/Offline/rel/current/lib/OSF1//cxx/libDataHandler.so
		.sdata  	3fffffe0570	      30 /nfs/cleo3/Offline/rel/current/lib/OSF1//cxx/libToolBox.so
		.sdata  	3fffffe0570	      10 /nfs/cleo3/Offline/rel/current/other_sources/lib/OSF1/cxx/libCLHEP.a(SymMatrix.o)
		.sdata  	3fffffe0580	      10 /nfs/cleo3/Offline/rel/current/other_sources/lib/OSF1/cxx/libCLHEP.a(Matrix.o)
		.sdata  	3fffffe0590	      10 /nfs/cleo3/Offline/rel/current/other_sources/lib/OSF1/cxx/libCLHEP.a(Vector.o)
		.sdata  	3fffffe0570	      b0 /usr/shlib/librt.so
		.sdata  	3fffffe0570	      60 /usr/shlib/libUfor.so
		.sdata  	3fffffe0570	     8d0 /usr/shlib/libfor.so
		.sdata  	3fffffe0570	      70 /usr/shlib/libFutil.so
		.sdata  	3fffffe0570	      20 /usr/shlib/libm.so
		.sdata  	3fffffe0570	     190 /usr/lib/cmplrs/cxx/libcxx.so
		.sdata  	3fffffe0570	      30 /usr/shlib/libexc.so
		.sdata  	3fffffe0570	     7a0 /usr/shlib/libc.so
.sbss   			3fffffe1680	     380
		.sbss   	3fffffe1680	      f0 ../lib/libCenteredBhabhas.a(CenteredBhabhas.o)
		.sbss   	3fffffe1680	     1b0 /nfs/cleo3/Offline/rel/current/lib/OSF1//cxx/libProcessor.so
		.sbss   	3fffffe1770	      10 /nfs/cleo3/Offline/rel/current/lib/OSF1//cxx/libCommandPattern.a(Module.o)
		.sbss   	3fffffe1780	      10 /nfs/cleo3/Offline/rel/current/lib/OSF1//cxx/libCommandPattern.a(Interpreter.o)
		.sbss   	3fffffe1790	      10 /nfs/cleo3/Offline/rel/current/lib/OSF1//cxx/libNavigation.a(T_NavShower.o)
		.sbss   	3fffffe17a0	      10 /nfs/cleo3/Offline/rel/current/lib/OSF1//cxx/libNavigation.a(ManyNavShowerStorageHelper.o)
		.sbss   	3fffffe17b0	      10 /nfs/cleo3/Offline/rel/current/lib/OSF1//cxx/libNavigation.a(NavShowerStorageHelper.o)
		.sbss   	3fffffe1680	     350 /nfs/cleo3/Offline/rel/current/lib/OSF1//cxx/libStorageManagement.so
		.sbss   	3fffffe1680	     170 /nfs/cleo3/Offline/rel/current/lib/OSF1//cxx/libDataHandler.so
		.sbss   	3fffffe1680	      c0 /nfs/cleo3/Offline/rel/current/lib/OSF1//cxx/libToolBox.so
		.sbss   	3fffffe17c0	      10 /nfs/cleo3/Offline/rel/current/lib/OSF1//cxx/libUtility.a(STL_dequeOfString.o)
		.sbss   	3fffffe17d0	      30 /nfs/cleo3/Offline/rel/current/other_sources/lib/OSF1/cxx/libCLHEP.a(SymMatrix.o)
		.sbss   	3fffffe1800	      10 /nfs/cleo3/Offline/rel/current/other_sources/lib/OSF1/cxx/libCLHEP.a(ThreeVector.o)
		.sbss   	3fffffe1810	      20 /nfs/cleo3/Offline/rel/current/other_sources/lib/OSF1/cxx/libCLHEP.a(Matrix.o)
		.sbss   	3fffffe1830	      10 /nfs/cleo3/Offline/rel/current/other_sources/lib/OSF1/cxx/libCLHEP.a(Vector.o)
		.sbss   	3fffffe1680	      50 /usr/shlib/librt.so
		.sbss   	3fffffe1680	      10 /usr/shlib/libUfor.so
		.sbss   	3fffffe1680	      20 /usr/shlib/libfor.so
		.sbss   	3fffffe1680	      20 /usr/shlib/libm.so
		.sbss   	3fffffe1680	     210 /usr/lib/cmplrs/cxx/libcxx.so
		.sbss   	3fffffe1680	      10 /usr/shlib/libexc.so
		.sbss   	3fffffe1680	     390 /usr/shlib/libc.so
		.sbss   	3fffffe1840	     1a8 (scommon)
.bss    			3fffffe1a00	    d640
		.bss    	3fffffe1a00	     280 /nfs/cleo3/Offline/rel/current/lib/OSF1//cxx/libProcessor.so
		.bss    	3fffffe1a00	      10 /nfs/cleo3/Offline/rel/current/lib/OSF1//cxx/libCommandPattern.a(Module.o)
		.bss    	3fffffe1a10	      10 /nfs/cleo3/Offline/rel/current/lib/OSF1//cxx/libCommandPattern.a(ExitCommand.o)
		.bss    	3fffffe1a20	      10 /nfs/cleo3/Offline/rel/current/lib/OSF1//cxx/libCommandPattern.a(QuitCommand.o)
		.bss    	3fffffe1a30	      10 /nfs/cleo3/Offline/rel/current/lib/OSF1//cxx/libCommandPattern.a(EchoCommand.o)
		.bss    	3fffffe1a40	      10 /nfs/cleo3/Offline/rel/current/lib/OSF1//cxx/libCommandPattern.a(HistoryCommand.o)
		.bss    	3fffffe1a50	      10 /nfs/cleo3/Offline/rel/current/lib/OSF1//cxx/libCommandPattern.a(RunCommandFileCommand.o)
		.bss    	3fffffe1a60	      70 /nfs/cleo3/Offline/rel/current/lib/OSF1//cxx/libNavigation.a(T_NavShower.o)
		.bss    	3fffffe1ad0	      30 /nfs/cleo3/Offline/rel/current/lib/OSF1//cxx/libNavigation.a(ManyNavShowerStorageHelper.o)
		.bss    	3fffffe1b00	     5a0 /nfs/cleo3/Offline/rel/current/lib/OSF1//cxx/libNavigation.a(NavShowerStorageHelper.o)
		.bss    	3fffffe20a0	    cec0 /nfs/cleo3/Offline/rel/current/lib/OSF1//cxx/libC3cc.a(ccgecs3.o)
		.bss    	3fffffeef60	      60 /nfs/cleo3/Offline/rel/current/lib/OSF1//cxx/libC3cc.a(ccblok.o)
		.bss    	3fffffeefc0	      20 /nfs/cleo3/Offline/rel/current/lib/OSF1//cxx/libC3cc.a(ccpock.o)
		.bss    	3fffffeefe0	      10 /nfs/cleo3/Offline/rel/current/lib/OSF1//cxx/libC3cc.a(cce925.o)
		.bss    	3fffffe1a00	     320 /nfs/cleo3/Offline/rel/current/lib/OSF1//cxx/libStorageManagement.so
		.bss    	3fffffe1a00	     600 /nfs/cleo3/Offline/rel/current/lib/OSF1//cxx/libDataHandler.so
		.bss    	3fffffe1a00	     330 /nfs/cleo3/Offline/rel/current/lib/OSF1//cxx/libToolBox.so
		.bss    	3fffffeeff0	      50 /nfs/cleo3/Offline/rel/current/other_sources/lib/OSF1/cxx/libCLHEP.a(ThreeVector.o)
		.bss    	3fffffe1a00	     150 /usr/shlib/librt.so
		.bss    	3fffffe1a00	     460 /usr/shlib/libUfor.so
		.bss    	3fffffe1a00	    d710 /usr/shlib/libfor.so
		.bss    	3fffffe1a00	      20 /usr/shlib/libFutil.so
		.bss    	3fffffe1a00	     400 /usr/shlib/libm.so
		.bss    	3fffffe1a00	     170 /usr/lib/cmplrs/cxx/libcxx.so
		.bss    	3fffffe1a00	    e360 /usr/shlib/libc.so
