		LINK EDITOR MEMORY MAP


output		input		virtual
section		section		address		size

.hash   			      94	    1644
		.hash   	      94	    1644 (null)
.dynsym 			    16d8	    2d20
		.dynsym 	    16d8	    2d20 (null)
.dynstr 			    43f8	    d4b2
		.dynstr 	    43f8	    d4b2 (null)
.rela.ex			   118ac	      18
		.rela.ex	   118ac	      18 (null)
.rela.da			   118c4	     f30
		.rela.da	   118c4	     f30 (null)
.rela.go			   127f4	    2a9c
		.rela.go	   127f4	    2a9c (null)
.rela.pl			   15290	    11c4
		.rela.pl	   15290	    11c4 (null)
.text   			   16458	   297dc
		.text   	   16458	      00 /opt/SUNWspro/SC4.2/lib/crti.o
		.text   	   16458	     118 SVResolutionLayerFileSourceFactory.o
		.text   	   16570	     438 T_Binder.o
		.text   	   169a8	    298c T_CFProxy.o
		.text   	   19334	    40f0 T_CFProxyDeliverer.o
		.text   	   1d424	    17e8 T_CFSourceBinder.o
		.text   	   1ec0c	    27f8 T_CFSourceController.o
		.text   	   21404	    2b7c T_CFSourceFormat.o
		.text   	   23f80	    425c T_CLEOConstants_DBSVResolutionLayer.o
		.text   	   281dc	     2f0 /nfs/cleo3/Common/rel/cleo3_Pass2_Aug30_2001/lib/sparc-sun-solaris2.6/libBDLSVclient.a(DBSVResolutionLayer.o)
		.text   	   284cc	     534 /nfs/cleo3/Common/rel/cleo3_Pass2_Aug30_2001/lib/sparc-sun-solaris2.6/libConstantsUtility.a(CLEOConstBase.o)
		.text   	   28a00	     fbc /nfs/cleo3/Common/rel/cleo3_Pass2_Aug30_2001/lib/sparc-sun-solaris2.6/libversion.a(VersionInfo.o)
		.text   	   299c0	    1624 /nfs/cleo3/Common/rel/cleo3_Pass2_Aug30_2001/lib/sparc-sun-solaris2.6/libtime.a(CleoTimeBase.o)
		.text   	   2afe8	    3b54 /nfs/cleo3/Common/rel/cleo3_Pass2_Aug30_2001/lib/sparc-sun-solaris2.6/libbasics.a(btime.o)
		.text   	   2eb3c	     b54 /nfs/cleo3/Common/rel/cleo3_Pass2_Aug30_2001/lib/sparc-sun-solaris2.6/libbasics.a(console.o)
		.text   	   2f690	    19bc /nfs/cleo3/Common/rel/cleo3_Pass2_Aug30_2001/lib/sparc-sun-solaris2.6/libbasics.a(runtime.o)
		.text   	   3104c	     e40 /nfs/cleo3/Common/rel/cleo3_Pass2_Aug30_2001/lib/sparc-sun-solaris2.6/libbasics.a(xitman.o)
		.text   	   31e8c	    1ef4 /nfs/cleo3/Common/rel/cleo3_Pass2_Aug30_2001/lib/sparc-sun-solaris2.6/libbasics.a(bdictionary.o)
		.text   	   33d80	    2884 /nfs/cleo3/Common/rel/cleo3_Pass2_Aug30_2001/lib/sparc-sun-solaris2.6/libbasics.a(bsemaphore.o)
		.text   	   36604	    1480 /nfs/cleo3/Common/rel/cleo3_Pass2_Aug30_2001/lib/sparc-sun-solaris2.6/libbasics.a(bsobject.o)
		.text   	   37a84	    32c4 /nfs/cleo3/Common/rel/cleo3_Pass2_Aug30_2001/lib/sparc-sun-solaris2.6/libbasics.a(bsocket.o)
		.text   	   3ad48	    4d34 /nfs/cleo3/Common/rel/cleo3_Pass2_Aug30_2001/lib/sparc-sun-solaris2.6/libbasics.a(messageq.o)
		.text   	   3fa7c	     1b8 /nfs/cleo3/Common/rel/cleo3_Pass2_Aug30_2001/lib/sparc-sun-solaris2.6/libbasics.a(39zrmLg3xins.o)
		.text   	   3fc34	      00 /opt/SUNWspro/SC4.2/lib/crtn.o
.init   			   3fc34	      e0
		.init   	   3fc34	      30 /opt/SUNWspro/SC4.2/lib/crti.o
		.init   	   3fc64	      08 SVResolutionLayerFileSourceFactory.o
		.init   	   3fc6c	      08 T_Binder.o
		.init   	   3fc74	      08 T_CFProxy.o
		.init   	   3fc7c	      08 T_CFProxyDeliverer.o
		.init   	   3fc84	      08 T_CFSourceBinder.o
		.init   	   3fc8c	      08 T_CFSourceController.o
		.init   	   3fc94	      08 T_CFSourceFormat.o
		.init   	   3fc9c	      08 T_CLEOConstants_DBSVResolutionLayer.o
		.init   	   3fca4	      08 /nfs/cleo3/Common/rel/cleo3_Pass2_Aug30_2001/lib/sparc-sun-solaris2.6/libBDLSVclient.a(DBSVResolutionLayer.o)
		.init   	   3fcac	      08 /nfs/cleo3/Common/rel/cleo3_Pass2_Aug30_2001/lib/sparc-sun-solaris2.6/libConstantsUtility.a(CLEOConstBase.o)
		.init   	   3fcb4	      08 /nfs/cleo3/Common/rel/cleo3_Pass2_Aug30_2001/lib/sparc-sun-solaris2.6/libversion.a(VersionInfo.o)
		.init   	   3fcbc	      08 /nfs/cleo3/Common/rel/cleo3_Pass2_Aug30_2001/lib/sparc-sun-solaris2.6/libtime.a(CleoTimeBase.o)
		.init   	   3fcc4	      08 /nfs/cleo3/Common/rel/cleo3_Pass2_Aug30_2001/lib/sparc-sun-solaris2.6/libbasics.a(btime.o)
		.init   	   3fccc	      08 /nfs/cleo3/Common/rel/cleo3_Pass2_Aug30_2001/lib/sparc-sun-solaris2.6/libbasics.a(console.o)
		.init   	   3fcd4	      08 /nfs/cleo3/Common/rel/cleo3_Pass2_Aug30_2001/lib/sparc-sun-solaris2.6/libbasics.a(runtime.o)
		.init   	   3fcdc	      08 /nfs/cleo3/Common/rel/cleo3_Pass2_Aug30_2001/lib/sparc-sun-solaris2.6/libbasics.a(xitman.o)
		.init   	   3fce4	      08 /nfs/cleo3/Common/rel/cleo3_Pass2_Aug30_2001/lib/sparc-sun-solaris2.6/libbasics.a(bdictionary.o)
		.init   	   3fcec	      08 /nfs/cleo3/Common/rel/cleo3_Pass2_Aug30_2001/lib/sparc-sun-solaris2.6/libbasics.a(bsemaphore.o)
		.init   	   3fcf4	      08 /nfs/cleo3/Common/rel/cleo3_Pass2_Aug30_2001/lib/sparc-sun-solaris2.6/libbasics.a(bsobject.o)
		.init   	   3fcfc	      08 /nfs/cleo3/Common/rel/cleo3_Pass2_Aug30_2001/lib/sparc-sun-solaris2.6/libbasics.a(bsocket.o)
		.init   	   3fd04	      08 /nfs/cleo3/Common/rel/cleo3_Pass2_Aug30_2001/lib/sparc-sun-solaris2.6/libbasics.a(messageq.o)
		.init   	   3fd0c	      08 /opt/SUNWspro/SC4.2/lib/crtn.o
.fini   			   3fd14	      e0
		.fini   	   3fd14	      04 /opt/SUNWspro/SC4.2/lib/crti.o
		.fini   	   3fd18	      08 SVResolutionLayerFileSourceFactory.o
		.fini   	   3fd20	      08 T_Binder.o
		.fini   	   3fd28	      08 T_CFProxy.o
		.fini   	   3fd30	      08 T_CFProxyDeliverer.o
		.fini   	   3fd38	      08 T_CFSourceBinder.o
		.fini   	   3fd40	      08 T_CFSourceController.o
		.fini   	   3fd48	      08 T_CFSourceFormat.o
		.fini   	   3fd50	      08 T_CLEOConstants_DBSVResolutionLayer.o
		.fini   	   3fd58	      08 /nfs/cleo3/Common/rel/cleo3_Pass2_Aug30_2001/lib/sparc-sun-solaris2.6/libBDLSVclient.a(DBSVResolutionLayer.o)
		.fini   	   3fd60	      08 /nfs/cleo3/Common/rel/cleo3_Pass2_Aug30_2001/lib/sparc-sun-solaris2.6/libConstantsUtility.a(CLEOConstBase.o)
		.fini   	   3fd68	      08 /nfs/cleo3/Common/rel/cleo3_Pass2_Aug30_2001/lib/sparc-sun-solaris2.6/libversion.a(VersionInfo.o)
		.fini   	   3fd70	      08 /nfs/cleo3/Common/rel/cleo3_Pass2_Aug30_2001/lib/sparc-sun-solaris2.6/libtime.a(CleoTimeBase.o)
		.fini   	   3fd78	      08 /nfs/cleo3/Common/rel/cleo3_Pass2_Aug30_2001/lib/sparc-sun-solaris2.6/libbasics.a(btime.o)
		.fini   	   3fd80	      08 /nfs/cleo3/Common/rel/cleo3_Pass2_Aug30_2001/lib/sparc-sun-solaris2.6/libbasics.a(console.o)
		.fini   	   3fd88	      08 /nfs/cleo3/Common/rel/cleo3_Pass2_Aug30_2001/lib/sparc-sun-solaris2.6/libbasics.a(runtime.o)
		.fini   	   3fd90	      08 /nfs/cleo3/Common/rel/cleo3_Pass2_Aug30_2001/lib/sparc-sun-solaris2.6/libbasics.a(xitman.o)
		.fini   	   3fd98	      08 /nfs/cleo3/Common/rel/cleo3_Pass2_Aug30_2001/lib/sparc-sun-solaris2.6/libbasics.a(bdictionary.o)
		.fini   	   3fda0	      08 /nfs/cleo3/Common/rel/cleo3_Pass2_Aug30_2001/lib/sparc-sun-solaris2.6/libbasics.a(bsemaphore.o)
		.fini   	   3fda8	      08 /nfs/cleo3/Common/rel/cleo3_Pass2_Aug30_2001/lib/sparc-sun-solaris2.6/libbasics.a(bsobject.o)
		.fini   	   3fdb0	      08 /nfs/cleo3/Common/rel/cleo3_Pass2_Aug30_2001/lib/sparc-sun-solaris2.6/libbasics.a(bsocket.o)
		.fini   	   3fdb8	      08 /nfs/cleo3/Common/rel/cleo3_Pass2_Aug30_2001/lib/sparc-sun-solaris2.6/libbasics.a(messageq.o)
		.fini   	   3fdc0	      34 /opt/SUNWspro/SC4.2/lib/crtn.o
.excepti			   3fdf4	    2f70
		.excepti	   3fdf4	      00 /opt/SUNWspro/SC4.2/lib/crti.o
		.excepti	   3fdf4	      14 SVResolutionLayerFileSourceFactory.o
		.excepti	   3fe08	      50 T_Binder.o
		.excepti	   3fe58	     5c8 T_CFProxy.o
		.excepti	   40420	     85c T_CFProxyDeliverer.o
		.excepti	   40c7c	      c8 T_CFSourceBinder.o
		.excepti	   40d44	     1a4 T_CFSourceController.o
		.excepti	   40ee8	     2f8 T_CFSourceFormat.o
		.excepti	   411e0	     be0 T_CLEOConstants_DBSVResolutionLayer.o
		.excepti	   41dc0	      3c /nfs/cleo3/Common/rel/cleo3_Pass2_Aug30_2001/lib/sparc-sun-solaris2.6/libConstantsUtility.a(CLEOConstBase.o)
		.excepti	   41dfc	      78 /nfs/cleo3/Common/rel/cleo3_Pass2_Aug30_2001/lib/sparc-sun-solaris2.6/libversion.a(VersionInfo.o)
		.excepti	   41e74	     17c /nfs/cleo3/Common/rel/cleo3_Pass2_Aug30_2001/lib/sparc-sun-solaris2.6/libtime.a(CleoTimeBase.o)
		.excepti	   41ff0	     140 /nfs/cleo3/Common/rel/cleo3_Pass2_Aug30_2001/lib/sparc-sun-solaris2.6/libbasics.a(btime.o)
		.excepti	   42130	      64 /nfs/cleo3/Common/rel/cleo3_Pass2_Aug30_2001/lib/sparc-sun-solaris2.6/libbasics.a(console.o)
		.excepti	   42194	      28 /nfs/cleo3/Common/rel/cleo3_Pass2_Aug30_2001/lib/sparc-sun-solaris2.6/libbasics.a(runtime.o)
		.excepti	   421bc	      64 /nfs/cleo3/Common/rel/cleo3_Pass2_Aug30_2001/lib/sparc-sun-solaris2.6/libbasics.a(xitman.o)
		.excepti	   42220	      dc /nfs/cleo3/Common/rel/cleo3_Pass2_Aug30_2001/lib/sparc-sun-solaris2.6/libbasics.a(bdictionary.o)
		.excepti	   422fc	     258 /nfs/cleo3/Common/rel/cleo3_Pass2_Aug30_2001/lib/sparc-sun-solaris2.6/libbasics.a(bsemaphore.o)
		.excepti	   42554	     17c /nfs/cleo3/Common/rel/cleo3_Pass2_Aug30_2001/lib/sparc-sun-solaris2.6/libbasics.a(bsobject.o)
		.excepti	   426d0	     208 /nfs/cleo3/Common/rel/cleo3_Pass2_Aug30_2001/lib/sparc-sun-solaris2.6/libbasics.a(bsocket.o)
		.excepti	   428d8	     488 /nfs/cleo3/Common/rel/cleo3_Pass2_Aug30_2001/lib/sparc-sun-solaris2.6/libbasics.a(messageq.o)
		.excepti	   42d60	      04 /opt/SUNWspro/SC4.2/lib/crtn.o
.got    			   52d64	     e38
		.got    	   52d64	     e38 (null)
.plt    			   53b9c	    11f8
		.plt    	   53b9c	    11f8 (null)
.dynamic			   54d94	      a8
		.dynamic	   54d94	      a8 (null)
.ex_shar			   54e3c	      20
		.ex_shar	   54e3c	      18 /opt/SUNWspro/SC4.2/lib/crti.o
		.ex_shar	   54e54	      08 /opt/SUNWspro/SC4.2/lib/crtn.o
.data   			   54e60	    44d8
		.data   	   54e60	      20 SVResolutionLayerFileSourceFactory.o
		.data   	   54e80	      8c T_Binder.o
		.data   	   54f0c	     148 T_CFProxy.o
		.data   	   55054	     1f0 T_CFProxyDeliverer.o
		.data   	   55244	      85 T_CFSourceBinder.o
		.data   	   552cc	     2dc T_CFSourceController.o
		.data   	   555a8	     13c T_CFSourceFormat.o
		.data   	   556e4	     2d3 T_CLEOConstants_DBSVResolutionLayer.o
		.data   	   559b8	      1c /nfs/cleo3/Common/rel/cleo3_Pass2_Aug30_2001/lib/sparc-sun-solaris2.6/libBDLSVclient.a(DBSVResolutionLayer.o)
		.data   	   559d4	      d8 /nfs/cleo3/Common/rel/cleo3_Pass2_Aug30_2001/lib/sparc-sun-solaris2.6/libConstantsUtility.a(CLEOConstBase.o)
		.data   	   55aac	     300 /nfs/cleo3/Common/rel/cleo3_Pass2_Aug30_2001/lib/sparc-sun-solaris2.6/libversion.a(VersionInfo.o)
		.data   	   55db0	     288 /nfs/cleo3/Common/rel/cleo3_Pass2_Aug30_2001/lib/sparc-sun-solaris2.6/libtime.a(CleoTimeBase.o)
		.data   	   56038	     414 /nfs/cleo3/Common/rel/cleo3_Pass2_Aug30_2001/lib/sparc-sun-solaris2.6/libbasics.a(btime.o)
		.data   	   5644c	      b8 /nfs/cleo3/Common/rel/cleo3_Pass2_Aug30_2001/lib/sparc-sun-solaris2.6/libbasics.a(console.o)
		.data   	   56504	     5c8 /nfs/cleo3/Common/rel/cleo3_Pass2_Aug30_2001/lib/sparc-sun-solaris2.6/libbasics.a(runtime.o)
		.data   	   56acc	     158 /nfs/cleo3/Common/rel/cleo3_Pass2_Aug30_2001/lib/sparc-sun-solaris2.6/libbasics.a(xitman.o)
		.data   	   56c24	     4e4 /nfs/cleo3/Common/rel/cleo3_Pass2_Aug30_2001/lib/sparc-sun-solaris2.6/libbasics.a(bdictionary.o)
		.data   	   57108	     854 /nfs/cleo3/Common/rel/cleo3_Pass2_Aug30_2001/lib/sparc-sun-solaris2.6/libbasics.a(bsemaphore.o)
		.data   	   5795c	     3a8 /nfs/cleo3/Common/rel/cleo3_Pass2_Aug30_2001/lib/sparc-sun-solaris2.6/libbasics.a(bsobject.o)
		.data   	   57d04	     70c /nfs/cleo3/Common/rel/cleo3_Pass2_Aug30_2001/lib/sparc-sun-solaris2.6/libbasics.a(bsocket.o)
		.data   	   58410	     ef0 /nfs/cleo3/Common/rel/cleo3_Pass2_Aug30_2001/lib/sparc-sun-solaris2.6/libbasics.a(messageq.o)
		.data   	   59300	      38 /nfs/cleo3/Common/rel/cleo3_Pass2_Aug30_2001/lib/sparc-sun-solaris2.6/libbasics.a(39zrmLg3xins.o)
.data1  			   59338	     167
		.data1  	   59338	      12 T_Binder.o
		.data1  	   5934a	      1e T_CFProxy.o
		.data1  	   59368	      27 T_CFProxyDeliverer.o
		.data1  	   5938f	      25 T_CFSourceBinder.o
		.data1  	   593b4	      29 T_CFSourceController.o
		.data1  	   593dd	      25 T_CFSourceFormat.o
		.data1  	   59402	      3a T_CLEOConstants_DBSVResolutionLayer.o
		.data1  	   5943c	      3d /nfs/cleo3/Common/rel/cleo3_Pass2_Aug30_2001/lib/sparc-sun-solaris2.6/libversion.a(VersionInfo.o)
		.data1  	   59479	      26 /nfs/cleo3/Common/rel/cleo3_Pass2_Aug30_2001/lib/sparc-sun-solaris2.6/libbasics.a(bsobject.o)
.bss    			   594a0	    2110
		.bss    	   594a0	      04 T_CFProxy.o
		.bss    	   594a4	      04 T_CFProxyDeliverer.o
		.bss    	   594a8	      04 T_CFSourceBinder.o
		.bss    	   594ac	      04 T_CFSourceController.o
		.bss    	   594b0	      04 T_CFSourceFormat.o
		.bss    	   594b4	      08 T_CLEOConstants_DBSVResolutionLayer.o
		.bss    	   594bc	      04 /nfs/cleo3/Common/rel/cleo3_Pass2_Aug30_2001/lib/sparc-sun-solaris2.6/libtime.a(CleoTimeBase.o)
		.bss    	   594c0	      38 /nfs/cleo3/Common/rel/cleo3_Pass2_Aug30_2001/lib/sparc-sun-solaris2.6/libbasics.a(btime.o)
		.bss    	   594f8	      14 /nfs/cleo3/Common/rel/cleo3_Pass2_Aug30_2001/lib/sparc-sun-solaris2.6/libbasics.a(xitman.o)
		.bss    	   5950c	    2000 /nfs/cleo3/Common/rel/cleo3_Pass2_Aug30_2001/lib/sparc-sun-solaris2.6/libbasics.a(bsemaphore.o)
		.bss    	   5b50c	      28 /nfs/cleo3/Common/rel/cleo3_Pass2_Aug30_2001/lib/sparc-sun-solaris2.6/libbasics.a(messageq.o)
		.bss    	   5b534	      7c (null)


		MULTIPLY DEFINED SYMBOLS


symbol				  definition used     also defined in

__0dMUTIdentifier76Mbasic_string7c6Qchar_traits_char6Jallocator7c__6KBinderBase_G__vtbl T_Binder.o
							T_CFSourceFormat.o
							/nfs/cleo3/Offline/rel/cleo3_Pass2_Aug30_2001/lib/SunOS//CC/libDataDelivery.so
__0fMbasic_string7c6Qchar_traits_char6Jallocator7c__EfindPCcUiTCK T_CFProxy.o
							T_CFProxyDeliverer.o
							T_CFSourceBinder.o
							T_CFSourceController.o
							T_CFSourceFormat.o
							T_CLEOConstants_DBSVResolutionLayer.o
							/nfs/cleo3/Offline/rel/cleo3_Pass2_Aug30_2001/lib/SunOS//CC/libDataDelivery.so
							/nfs/cleo3/Offline/rel/cleo3_Pass2_Aug30_2001/lib/SunOS//CC/libDataHandler.so
							/nfs/cleo3/Offline/rel/cleo3_Pass2_Aug30_2001/lib/SunOS//CC/libToolBox.so
kValueProxyFacilityString           T_CLEOConstants_DBSVResolutionLayer.o
							/nfs/cleo3/Offline/rel/cleo3_Pass2_Aug30_2001/lib/SunOS//CC/libDataHandler.so
__0dQCFProxyDeliverer76VSVResolutionLayerInfo_G__vtbl T_CFProxyDeliverer.o
							T_CFSourceController.o
__0fMbasic_string7c6Qchar_traits_char6Jallocator7c__EswapR6Mbasic_string7c6Qchar_traits_char6Jallocator7c__ T_CFProxy.o
							T_CFProxyDeliverer.o
							T_CFSourceBinder.o
							T_CFSourceController.o
							T_CFSourceFormat.o
							T_CLEOConstants_DBSVResolutionLayer.o
							/nfs/cleo3/Offline/rel/cleo3_Pass2_Aug30_2001/lib/SunOS//CC/libDataDelivery.so
							/nfs/cleo3/Offline/rel/cleo3_Pass2_Aug30_2001/lib/SunOS//CC/libDataHandler.so
							/nfs/cleo3/Offline/rel/cleo3_Pass2_Aug30_2001/lib/SunOS//CC/libToolBox.so
__0fJallocator76KStreamType_HdestroyP6KStreamType T_CFSourceFormat.o
							/nfs/cleo3/Offline/rel/cleo3_Pass2_Aug30_2001/lib/SunOS//CC/libDataDelivery.so
							/nfs/cleo3/Offline/rel/cleo3_Pass2_Aug30_2001/lib/SunOS//CC/libDataHandler.so
__0fMbasic_string7c6Qchar_traits_char6Jallocator7c__Oreserve_helperUi T_CFProxy.o
							T_CFProxyDeliverer.o
							T_CFSourceBinder.o
							T_CFSourceController.o
							T_CFSourceFormat.o
							T_CLEOConstants_DBSVResolutionLayer.o
							/nfs/cleo3/Offline/rel/cleo3_Pass2_Aug30_2001/lib/SunOS//CC/libDataDelivery.so
							/nfs/cleo3/Offline/rel/cleo3_Pass2_Aug30_2001/lib/SunOS//CC/libDataHandler.so
							/nfs/cleo3/Offline/rel/cleo3_Pass2_Aug30_2001/lib/SunOS//CC/libToolBox.so
__0FEcopyP6KKeyedProxyNCB           T_CFProxyDeliverer.o
							/nfs/cleo3/Offline/rel/cleo3_Pass2_Aug30_2001/lib/SunOS//CC/libDataHandler.so
__0fGvector76KKeyedProxy_GinsertP6KKeyedProxyUiRC6KKeyedProxy T_CFProxyDeliverer.o
							/nfs/cleo3/Offline/rel/cleo3_Pass2_Aug30_2001/lib/SunOS//CC/libDataHandler.so
__0fMbasic_string7c6Qchar_traits_char6Jallocator7c__Nfind_first_ofPCcUiTCK T_CFProxy.o
							T_CFProxyDeliverer.o
							T_CFSourceBinder.o
							T_CFSourceController.o
							T_CFSourceFormat.o
							T_CLEOConstants_DBSVResolutionLayer.o
							/nfs/cleo3/Offline/rel/cleo3_Pass2_Aug30_2001/lib/SunOS//CC/libDataDelivery.so
							/nfs/cleo3/Offline/rel/cleo3_Pass2_Aug30_2001/lib/SunOS//CC/libDataHandler.so
							/nfs/cleo3/Offline/rel/cleo3_Pass2_Aug30_2001/lib/SunOS//CC/libToolBox.so
__0fGvector76KKeyedProxy_Kassign_auxPC6KKeyedProxyTB T_CFProxyDeliverer.o
							/nfs/cleo3/Offline/rel/cleo3_Pass2_Aug30_2001/lib/SunOS//CC/libDataHandler.so
__0fMbasic_string7c6Qchar_traits_char6Jallocator7c__Gput_atUic T_CFProxy.o
							T_CFProxyDeliverer.o
							T_CFSourceBinder.o
							T_CFSourceController.o
							T_CFSourceFormat.o
							T_CLEOConstants_DBSVResolutionLayer.o
							/nfs/cleo3/Offline/rel/cleo3_Pass2_Aug30_2001/lib/SunOS//CC/libDataDelivery.so
							/nfs/cleo3/Offline/rel/cleo3_Pass2_Aug30_2001/lib/SunOS//CC/libDataHandler.so
							/nfs/cleo3/Offline/rel/cleo3_Pass2_Aug30_2001/lib/SunOS//CC/libToolBox.so
__0fMbasic_string7c6Qchar_traits_char6Jallocator7c__Idistance6Yos_const_string_iterator7c6Qchar_traits_char6Jallocator7c__TB T_CFProxy.o
							T_CFProxyDeliverer.o
							T_CFSourceBinder.o
							T_CFSourceController.o
							T_CFSourceFormat.o
							T_CLEOConstants_DBSVResolutionLayer.o
							/nfs/cleo3/Offline/rel/cleo3_Pass2_Aug30_2001/lib/SunOS//CC/libDataDelivery.so
							/nfs/cleo3/Offline/rel/cleo3_Pass2_Aug30_2001/lib/SunOS//CC/libDataHandler.so
							/nfs/cleo3/Offline/rel/cleo3_Pass2_Aug30_2001/lib/SunOS//CC/libToolBox.so
__0fTos_string_bf_search7c6Qchar_traits_char_Mfind_last_inPCcUiK T_CFProxy.o
							T_CFProxyDeliverer.o
							T_CFSourceBinder.o
							T_CFSourceController.o
							T_CFSourceFormat.o
							T_CLEOConstants_DBSVResolutionLayer.o
							/nfs/cleo3/Offline/rel/cleo3_Pass2_Aug30_2001/lib/SunOS//CC/libDataDelivery.so
							/nfs/cleo3/Offline/rel/cleo3_Pass2_Aug30_2001/lib/SunOS//CC/libDataHandler.so
							/nfs/cleo3/Offline/rel/cleo3_Pass2_Aug30_2001/lib/SunOS//CC/libToolBox.so
__0FEcopyPC6KKeyedProxyTBP6KKeyedProxy T_CFProxyDeliverer.o
							/nfs/cleo3/Offline/rel/cleo3_Pass2_Aug30_2001/lib/SunOS//CC/libDataHandler.so
__0fMbasic_string7c6Qchar_traits_char6Jallocator7c__Ginsert6Sos_string_iterator7c6Qchar_traits_char6Jallocator7c__6Yos_const_string_iterator7c6Qchar_traits_char6Jallocator7c__TC T_CFProxy.o
							T_CFProxyDeliverer.o
							T_CFSourceBinder.o
							T_CFSourceController.o
							T_CFSourceFormat.o
							T_CLEOConstants_DBSVResolutionLayer.o
							/nfs/cleo3/Offline/rel/cleo3_Pass2_Aug30_2001/lib/SunOS//CC/libDataDelivery.so
							/nfs/cleo3/Offline/rel/cleo3_Pass2_Aug30_2001/lib/SunOS//CC/libDataHandler.so
							/nfs/cleo3/Offline/rel/cleo3_Pass2_Aug30_2001/lib/SunOS//CC/libToolBox.so
__0fMbasic_string7c6Qchar_traits_char6Jallocator7c__Nresize_helperUic T_CFProxy.o
							T_CFProxyDeliverer.o
							T_CFSourceBinder.o
							T_CFSourceController.o
							T_CFSourceFormat.o
							T_CLEOConstants_DBSVResolutionLayer.o
							/nfs/cleo3/Offline/rel/cleo3_Pass2_Aug30_2001/lib/SunOS//CC/libDataDelivery.so
							/nfs/cleo3/Offline/rel/cleo3_Pass2_Aug30_2001/lib/SunOS//CC/libDataHandler.so
							/nfs/cleo3/Offline/rel/cleo3_Pass2_Aug30_2001/lib/SunOS//CC/libToolBox.so
__0fJos_rbtree76KStreamType6KStreamType6Mos_stl_ident76KStreamType6KStreamType_6Eless76KStreamType__FerasePC6KStreamTypeTB T_CFSourceFormat.o
							/nfs/cleo3/Offline/rel/cleo3_Pass2_Aug30_2001/lib/SunOS//CC/libDataDelivery.so
							/nfs/cleo3/Offline/rel/cleo3_Pass2_Aug30_2001/lib/SunOS//CC/libDataHandler.so
__0fMbasic_string7c6Qchar_traits_char6Jallocator7c__Inil_datavT T_CFProxy.o
							T_CFProxyDeliverer.o
							T_CFSourceBinder.o
							T_CFSourceController.o
							T_CFSourceFormat.o
							T_CLEOConstants_DBSVResolutionLayer.o
							/nfs/cleo3/Offline/rel/cleo3_Pass2_Aug30_2001/lib/SunOS//CC/libDataDelivery.so
							/nfs/cleo3/Offline/rel/cleo3_Pass2_Aug30_2001/lib/SunOS//CC/libDataHandler.so
							/nfs/cleo3/Offline/rel/cleo3_Pass2_Aug30_2001/lib/SunOS//CC/libToolBox.so
__0fJos_rbtree76KStreamType6KStreamType6Mos_stl_ident76KStreamType6KStreamType_6Eless76KStreamType__FcountRC6KStreamTypeK T_CFSourceFormat.o
							/nfs/cleo3/Offline/rel/cleo3_Pass2_Aug30_2001/lib/SunOS//CC/libDataDelivery.so
							/nfs/cleo3/Offline/rel/cleo3_Pass2_Aug30_2001/lib/SunOS//CC/libDataHandler.so
__0fMbasic_string7c6Qchar_traits_char6Jallocator7c__Hreplace6Sos_string_iterator7c6Qchar_traits_char6Jallocator7c__TB6Yos_const_string_iterator7c6Qchar_traits_char6Jallocator7c__TD T_CFProxy.o
							T_CFProxyDeliverer.o
							T_CFSourceBinder.o
							T_CFSourceController.o
							T_CFSourceFormat.o
							T_CLEOConstants_DBSVResolutionLayer.o
							/nfs/cleo3/Offline/rel/cleo3_Pass2_Aug30_2001/lib/SunOS//CC/libDataDelivery.so
							/nfs/cleo3/Offline/rel/cleo3_Pass2_Aug30_2001/lib/SunOS//CC/libDataHandler.so
							/nfs/cleo3/Offline/rel/cleo3_Pass2_Aug30_2001/lib/SunOS//CC/libToolBox.so
__0FNcopy_backwardP6KKeyedProxyNCB  T_CFProxyDeliverer.o
							/nfs/cleo3/Offline/rel/cleo3_Pass2_Aug30_2001/lib/SunOS//CC/libDataHandler.so
__0fJos_rbtree76KStreamType6KStreamType6Mos_stl_ident76KStreamType6KStreamType_6Eless76KStreamType__Lupper_boundRC6KStreamType T_CFSourceFormat.o
							/nfs/cleo3/Offline/rel/cleo3_Pass2_Aug30_2001/lib/SunOS//CC/libDataDelivery.so
							/nfs/cleo3/Offline/rel/cleo3_Pass2_Aug30_2001/lib/SunOS//CC/libDataHandler.so
__0dSCFSourceController76VSVResolutionLayerInfo_G__vtbl T_CFSourceBinder.o
							T_CFSourceController.o
__0dMUTIdentifier76Mbasic_string7c6Qchar_traits_char6Jallocator7c__6GStream_G__vtbl T_CFProxy.o
							T_CFProxyDeliverer.o
							T_CFSourceController.o
							T_CFSourceFormat.o
							T_CLEOConstants_DBSVResolutionLayer.o
							/nfs/cleo3/Offline/rel/cleo3_Pass2_Aug30_2001/lib/SunOS//CC/libDataDelivery.so
							/nfs/cleo3/Offline/rel/cleo3_Pass2_Aug30_2001/lib/SunOS//CC/libDataHandler.so
__0fMbasic_string7c6Qchar_traits_char6Jallocator7c__Gappend6Yos_const_string_iterator7c6Qchar_traits_char6Jallocator7c__TB T_CFProxy.o
							T_CFProxyDeliverer.o
							T_CFSourceBinder.o
							T_CFSourceController.o
							T_CFSourceFormat.o
							T_CLEOConstants_DBSVResolutionLayer.o
							/nfs/cleo3/Offline/rel/cleo3_Pass2_Aug30_2001/lib/SunOS//CC/libDataDelivery.so
							/nfs/cleo3/Offline/rel/cleo3_Pass2_Aug30_2001/lib/SunOS//CC/libDataHandler.so
							/nfs/cleo3/Offline/rel/cleo3_Pass2_Aug30_2001/lib/SunOS//CC/libToolBox.so
__0FEfillP6KKeyedProxyTBRC6KKeyedProxy T_CFProxyDeliverer.o
							/nfs/cleo3/Offline/rel/cleo3_Pass2_Aug30_2001/lib/SunOS//CC/libDataHandler.so
__0fMbasic_string7c6Qchar_traits_char6Jallocator7c__Nappend_helpercUi T_CFProxy.o
							T_CFProxyDeliverer.o
							T_CFSourceBinder.o
							T_CFSourceController.o
							T_CFSourceFormat.o
							T_CLEOConstants_DBSVResolutionLayer.o
							/nfs/cleo3/Offline/rel/cleo3_Pass2_Aug30_2001/lib/SunOS//CC/libDataDelivery.so
							/nfs/cleo3/Offline/rel/cleo3_Pass2_Aug30_2001/lib/SunOS//CC/libDataHandler.so
							/nfs/cleo3/Offline/rel/cleo3_Pass2_Aug30_2001/lib/SunOS//CC/libToolBox.so
__0oRos_charset_search7c6Qchar_traits_char_dtv T_CFProxy.o
							T_CFProxyDeliverer.o
							T_CFSourceBinder.o
							T_CFSourceController.o
							T_CFSourceFormat.o
							T_CLEOConstants_DBSVResolutionLayer.o
							/nfs/cleo3/Offline/rel/cleo3_Pass2_Aug30_2001/lib/SunOS//CC/libDataDelivery.so
							/nfs/cleo3/Offline/rel/cleo3_Pass2_Aug30_2001/lib/SunOS//CC/libDataHandler.so
							/nfs/cleo3/Offline/rel/cleo3_Pass2_Aug30_2001/lib/SunOS//CC/libToolBox.so
__0fMbasic_string7c6Qchar_traits_char6Jallocator7c__Einitv T_CFProxy.o
							T_CFProxyDeliverer.o
							T_CFSourceBinder.o
							T_CFSourceController.o
							T_CFSourceFormat.o
							T_CLEOConstants_DBSVResolutionLayer.o
							/nfs/cleo3/Offline/rel/cleo3_Pass2_Aug30_2001/lib/SunOS//CC/libDataDelivery.so
							/nfs/cleo3/Offline/rel/cleo3_Pass2_Aug30_2001/lib/SunOS//CC/libDataHandler.so
							/nfs/cleo3/Offline/rel/cleo3_Pass2_Aug30_2001/lib/SunOS//CC/libToolBox.so
__0fJos_rbtree76KStreamType6KStreamType6Mos_stl_ident76KStreamType6KStreamType_6Eless76KStreamType__Ferase6Qos_tree_iterator76KStreamTypei_TB T_CFSourceFormat.o
							/nfs/cleo3/Offline/rel/cleo3_Pass2_Aug30_2001/lib/SunOS//CC/libDataDelivery.so
							/nfs/cleo3/Offline/rel/cleo3_Pass2_Aug30_2001/lib/SunOS//CC/libDataHandler.so
__0fJos_rbtree76KStreamType6KStreamType6Mos_stl_ident76KStreamType6KStreamType_6Eless76KStreamType__FeraseRC6KStreamType T_CFSourceFormat.o
							/nfs/cleo3/Offline/rel/cleo3_Pass2_Aug30_2001/lib/SunOS//CC/libDataDelivery.so
							/nfs/cleo3/Offline/rel/cleo3_Pass2_Aug30_2001/lib/SunOS//CC/libDataHandler.so
__0FNos_x_distance6Wos_tree_const_iterator76KStreamTypei_TBRUi6abidirectional_iterator_tag T_CFSourceFormat.o
							/nfs/cleo3/Offline/rel/cleo3_Pass2_Aug30_2001/lib/SunOS//CC/libDataDelivery.so
							/nfs/cleo3/Offline/rel/cleo3_Pass2_Aug30_2001/lib/SunOS//CC/libDataHandler.so
__0fTos_string_bf_search7c6Qchar_traits_char_Nfind_first_inPCcUiK T_CFProxy.o
							T_CFProxyDeliverer.o
							T_CFSourceBinder.o
							T_CFSourceController.o
							T_CFSourceFormat.o
							T_CLEOConstants_DBSVResolutionLayer.o
							/nfs/cleo3/Offline/rel/cleo3_Pass2_Aug30_2001/lib/SunOS//CC/libDataDelivery.so
							/nfs/cleo3/Offline/rel/cleo3_Pass2_Aug30_2001/lib/SunOS//CC/libDataHandler.so
							/nfs/cleo3/Offline/rel/cleo3_Pass2_Aug30_2001/lib/SunOS//CC/libToolBox.so
__0dOCFSourceFormat76VSVResolutionLayerInfo_G__vtbl SVResolutionLayerFileSourceFactory.o
							T_CFSourceFormat.o
__0fJos_rbtree76KStreamType6KStreamType6Mos_stl_ident76KStreamType6KStreamType_6Eless76KStreamType__Ginsert6Wos_tree_const_iterator76KStreamTypei_TB T_CFSourceFormat.o
							/nfs/cleo3/Offline/rel/cleo3_Pass2_Aug30_2001/lib/SunOS//CC/libDataDelivery.so
							/nfs/cleo3/Offline/rel/cleo3_Pass2_Aug30_2001/lib/SunOS//CC/libDataHandler.so
__0fMbasic_string7c6Qchar_traits_char6Jallocator7c__Gassign6Yos_const_string_iterator7c6Qchar_traits_char6Jallocator7c__TB T_CFProxy.o
							T_CFProxyDeliverer.o
							T_CFSourceBinder.o
							T_CFSourceController.o
							T_CFSourceFormat.o
							T_CLEOConstants_DBSVResolutionLayer.o
							/nfs/cleo3/Offline/rel/cleo3_Pass2_Aug30_2001/lib/SunOS//CC/libDataDelivery.so
							/nfs/cleo3/Offline/rel/cleo3_Pass2_Aug30_2001/lib/SunOS//CC/libDataHandler.so
							/nfs/cleo3/Offline/rel/cleo3_Pass2_Aug30_2001/lib/SunOS//CC/libToolBox.so
__0fJos_rbtree76KStreamType6KStreamType6Mos_stl_ident76KStreamType6KStreamType_6Eless76KStreamType__GinsertPC6KStreamTypeTB T_CFSourceFormat.o
							/nfs/cleo3/Offline/rel/cleo3_Pass2_Aug30_2001/lib/SunOS//CC/libDataDelivery.so
							/nfs/cleo3/Offline/rel/cleo3_Pass2_Aug30_2001/lib/SunOS//CC/libDataHandler.so
__0FNos_x_distance6Qos_tree_iterator76KStreamTypei_TBRUi6abidirectional_iterator_tag T_CFSourceFormat.o
							/nfs/cleo3/Offline/rel/cleo3_Pass2_Aug30_2001/lib/SunOS//CC/libDataDelivery.so
							/nfs/cleo3/Offline/rel/cleo3_Pass2_Aug30_2001/lib/SunOS//CC/libDataHandler.so
__0fGvector76KKeyedProxy_GassignUiRC6KKeyedProxy T_CFProxyDeliverer.o
							/nfs/cleo3/Offline/rel/cleo3_Pass2_Aug30_2001/lib/SunOS//CC/libDataHandler.so
__0FUuninitialized_fill_nP6KKeyedProxyUiRC6KKeyedProxy6Jallocator76KKeyedProxy_ T_CFProxyDeliverer.o
							/nfs/cleo3/Offline/rel/cleo3_Pass2_Aug30_2001/lib/SunOS//CC/libDataHandler.so
kFAItemFacilityString               T_CLEOConstants_DBSVResolutionLayer.o
							/nfs/cleo3/Offline/rel/cleo3_Pass2_Aug30_2001/lib/SunOS//CC/libDataHandler.so
__0dGBinder76OCFSourceBinder76VSVResolutionLayerInfo__G__vtbl T_Binder.o
							T_CFSourceFormat.o
__0oGvector76KKeyedProxy_asRC6Gvector76KKeyedProxy_ T_CFProxyDeliverer.o
							/nfs/cleo3/Offline/rel/cleo3_Pass2_Aug30_2001/lib/SunOS//CC/libDataHandler.so
__0fJos_rbtree76KStreamType6KStreamType6Mos_stl_ident76KStreamType6KStreamType_6Eless76KStreamType__Jcopy_treeP6Mos_tree_nodeNCB T_CFSourceFormat.o
							/nfs/cleo3/Offline/rel/cleo3_Pass2_Aug30_2001/lib/SunOS//CC/libDataDelivery.so
							/nfs/cleo3/Offline/rel/cleo3_Pass2_Aug30_2001/lib/SunOS//CC/libDataHandler.so
__0fRos_charset_search7c6Qchar_traits_char_Hfind_inPCcUiiK T_CFProxy.o
							T_CFProxyDeliverer.o
							T_CFSourceBinder.o
							T_CFSourceController.o
							T_CFSourceFormat.o
							T_CLEOConstants_DBSVResolutionLayer.o
							/nfs/cleo3/Offline/rel/cleo3_Pass2_Aug30_2001/lib/SunOS//CC/libDataDelivery.so
							/nfs/cleo3/Offline/rel/cleo3_Pass2_Aug30_2001/lib/SunOS//CC/libDataHandler.so
							/nfs/cleo3/Offline/rel/cleo3_Pass2_Aug30_2001/lib/SunOS//CC/libToolBox.so
__0fGvector76KKeyedProxy_HreserveUi T_CFProxyDeliverer.o
							/nfs/cleo3/Offline/rel/cleo3_Pass2_Aug30_2001/lib/SunOS//CC/libDataHandler.so
__0FHdestroyP6KKeyedProxyTB6Jallocator76KKeyedProxy_ T_CFProxyDeliverer.o
							/nfs/cleo3/Offline/rel/cleo3_Pass2_Aug30_2001/lib/SunOS//CC/libDataHandler.so
__0FGfill_nP6KKeyedProxyUiRC6KKeyedProxy T_CFProxyDeliverer.o
							/nfs/cleo3/Offline/rel/cleo3_Pass2_Aug30_2001/lib/SunOS//CC/libDataHandler.so
__0fJos_rbtree76KStreamType6KStreamType6Mos_stl_ident76KStreamType6KStreamType_6Eless76KStreamType__Ginsert6Qos_tree_iterator76KStreamTypei_RC6KStreamType T_CFSourceFormat.o
							/nfs/cleo3/Offline/rel/cleo3_Pass2_Aug30_2001/lib/SunOS//CC/libDataDelivery.so
							/nfs/cleo3/Offline/rel/cleo3_Pass2_Aug30_2001/lib/SunOS//CC/libDataHandler.so
__0fJos_rbtree76KStreamType6KStreamType6Mos_stl_ident76KStreamType6KStreamType_6Eless76KStreamType__Kerase_treeP6Mos_tree_node T_CFSourceFormat.o
							/nfs/cleo3/Offline/rel/cleo3_Pass2_Aug30_2001/lib/SunOS//CC/libDataDelivery.so
							/nfs/cleo3/Offline/rel/cleo3_Pass2_Aug30_2001/lib/SunOS//CC/libDataHandler.so
__0fMbasic_string7c6Qchar_traits_char6Jallocator7c__IallocateUi T_CFProxy.o
							T_CFProxyDeliverer.o
							T_CFSourceBinder.o
							T_CFSourceController.o
							T_CFSourceFormat.o
							T_CLEOConstants_DBSVResolutionLayer.o
							/nfs/cleo3/Offline/rel/cleo3_Pass2_Aug30_2001/lib/SunOS//CC/libDataDelivery.so
							/nfs/cleo3/Offline/rel/cleo3_Pass2_Aug30_2001/lib/SunOS//CC/libDataHandler.so
							/nfs/cleo3/Offline/rel/cleo3_Pass2_Aug30_2001/lib/SunOS//CC/libToolBox.so
__0FSuninitialized_copyPC6KKeyedProxyTBP6KKeyedProxy6Jallocator76KKeyedProxy_ T_CFProxyDeliverer.o
							/nfs/cleo3/Offline/rel/cleo3_Pass2_Aug30_2001/lib/SunOS//CC/libDataHandler.so
__0fMbasic_string7c6Qchar_traits_char6Jallocator7c__Qfind_last_not_ofPCcUiTCK T_CFProxy.o
							T_CFProxyDeliverer.o
							T_CFSourceBinder.o
							T_CFSourceController.o
							T_CFSourceFormat.o
							T_CLEOConstants_DBSVResolutionLayer.o
							/nfs/cleo3/Offline/rel/cleo3_Pass2_Aug30_2001/lib/SunOS//CC/libDataDelivery.so
							/nfs/cleo3/Offline/rel/cleo3_Pass2_Aug30_2001/lib/SunOS//CC/libDataHandler.so
							/nfs/cleo3/Offline/rel/cleo3_Pass2_Aug30_2001/lib/SunOS//CC/libToolBox.so
__0fGvector76KKeyedProxy_GinsertP6KKeyedProxyPC6KKeyedProxyTC T_CFProxyDeliverer.o
							/nfs/cleo3/Offline/rel/cleo3_Pass2_Aug30_2001/lib/SunOS//CC/libDataHandler.so
kExtractFacilityString              T_CLEOConstants_DBSVResolutionLayer.o
							/nfs/cleo3/Offline/rel/cleo3_Pass2_Aug30_2001/lib/SunOS//CC/libDataHandler.so
__0fJos_rbtree76KStreamType6KStreamType6Mos_stl_ident76KStreamType6KStreamType_6Eless76KStreamType__Los_x_insertP6Mos_tree_nodeTBRC6KStreamType T_CFSourceFormat.o
							/nfs/cleo3/Offline/rel/cleo3_Pass2_Aug30_2001/lib/SunOS//CC/libDataDelivery.so
							/nfs/cleo3/Offline/rel/cleo3_Pass2_Aug30_2001/lib/SunOS//CC/libDataHandler.so
__0fGvector76KKeyedProxy_Kinsert_auxP6KKeyedProxyRC6KKeyedProxy T_CFProxyDeliverer.o
							/nfs/cleo3/Offline/rel/cleo3_Pass2_Aug30_2001/lib/SunOS//CC/libDataHandler.so
__0fMbasic_string7c6Qchar_traits_char6Jallocator7c__Ocompare_helperRC6Mbasic_string7c6Qchar_traits_char6Jallocator7c__UiTCK T_CFProxy.o
							T_CFProxyDeliverer.o
							T_CFSourceBinder.o
							T_CFSourceController.o
							T_CFSourceFormat.o
							T_CLEOConstants_DBSVResolutionLayer.o
							/nfs/cleo3/Offline/rel/cleo3_Pass2_Aug30_2001/lib/SunOS//CC/libDataDelivery.so
							/nfs/cleo3/Offline/rel/cleo3_Pass2_Aug30_2001/lib/SunOS//CC/libDataHandler.so
							/nfs/cleo3/Offline/rel/cleo3_Pass2_Aug30_2001/lib/SunOS//CC/libToolBox.so
__0fMbasic_string7c6Qchar_traits_char6Jallocator7c__Oreplace_helperUiTBPCcTB T_CFProxy.o
							T_CFProxyDeliverer.o
							T_CFSourceBinder.o
							T_CFSourceController.o
							T_CFSourceFormat.o
							T_CLEOConstants_DBSVResolutionLayer.o
							/nfs/cleo3/Offline/rel/cleo3_Pass2_Aug30_2001/lib/SunOS//CC/libDataDelivery.so
							/nfs/cleo3/Offline/rel/cleo3_Pass2_Aug30_2001/lib/SunOS//CC/libDataHandler.so
							/nfs/cleo3/Offline/rel/cleo3_Pass2_Aug30_2001/lib/SunOS//CC/libToolBox.so
__0fMbasic_string7c6Qchar_traits_char6Jallocator7c__Ocompare_helperPCcUiTCK T_CFProxy.o
							T_CFProxyDeliverer.o
							T_CFSourceBinder.o
							T_CFSourceController.o
							T_CFSourceFormat.o
							T_CLEOConstants_DBSVResolutionLayer.o
							/nfs/cleo3/Offline/rel/cleo3_Pass2_Aug30_2001/lib/SunOS//CC/libDataDelivery.so
							/nfs/cleo3/Offline/rel/cleo3_Pass2_Aug30_2001/lib/SunOS//CC/libDataHandler.so
							/nfs/cleo3/Offline/rel/cleo3_Pass2_Aug30_2001/lib/SunOS//CC/libToolBox.so
__0fMbasic_string7c6Qchar_traits_char6Jallocator7c__Rfind_first_not_ofPCcUiTCK T_CFProxy.o
							T_CFProxyDeliverer.o
							T_CFSourceBinder.o
							T_CFSourceController.o
							T_CFSourceFormat.o
							T_CLEOConstants_DBSVResolutionLayer.o
							/nfs/cleo3/Offline/rel/cleo3_Pass2_Aug30_2001/lib/SunOS//CC/libDataDelivery.so
							/nfs/cleo3/Offline/rel/cleo3_Pass2_Aug30_2001/lib/SunOS//CC/libDataHandler.so
							/nfs/cleo3/Offline/rel/cleo3_Pass2_Aug30_2001/lib/SunOS//CC/libToolBox.so
kInsertFacilityString               T_CLEOConstants_DBSVResolutionLayer.o
							/nfs/cleo3/Offline/rel/cleo3_Pass2_Aug30_2001/lib/SunOS//CC/libDataHandler.so
__0fMbasic_string7c6Qchar_traits_char6Jallocator7c__Oreplace_helperUiTBcTB T_CFProxy.o
							T_CFProxyDeliverer.o
							T_CFSourceBinder.o
							T_CFSourceController.o
							T_CFSourceFormat.o
							T_CLEOConstants_DBSVResolutionLayer.o
							/nfs/cleo3/Offline/rel/cleo3_Pass2_Aug30_2001/lib/SunOS//CC/libDataDelivery.so
							/nfs/cleo3/Offline/rel/cleo3_Pass2_Aug30_2001/lib/SunOS//CC/libDataHandler.so
							/nfs/cleo3/Offline/rel/cleo3_Pass2_Aug30_2001/lib/SunOS//CC/libToolBox.so
__0fMbasic_string7c6Qchar_traits_char6Jallocator7c__Nassign_helpercUi T_CFProxy.o
							T_CFProxyDeliverer.o
							T_CFSourceBinder.o
							T_CFSourceController.o
							T_CFSourceFormat.o
							T_CLEOConstants_DBSVResolutionLayer.o
							/nfs/cleo3/Offline/rel/cleo3_Pass2_Aug30_2001/lib/SunOS//CC/libDataDelivery.so
							/nfs/cleo3/Offline/rel/cleo3_Pass2_Aug30_2001/lib/SunOS//CC/libDataHandler.so
							/nfs/cleo3/Offline/rel/cleo3_Pass2_Aug30_2001/lib/SunOS//CC/libToolBox.so
__0fMbasic_string7c6Qchar_traits_char6Jallocator7c__Mfind_last_ofPCcUiTCK T_CFProxy.o
							T_CFProxyDeliverer.o
							T_CFSourceBinder.o
							T_CFSourceController.o
							T_CFSourceFormat.o
							T_CLEOConstants_DBSVResolutionLayer.o
							/nfs/cleo3/Offline/rel/cleo3_Pass2_Aug30_2001/lib/SunOS//CC/libDataDelivery.so
							/nfs/cleo3/Offline/rel/cleo3_Pass2_Aug30_2001/lib/SunOS//CC/libDataHandler.so
							/nfs/cleo3/Offline/rel/cleo3_Pass2_Aug30_2001/lib/SunOS//CC/libToolBox.so
__0fMbasic_string7c6Qchar_traits_char6Jallocator7c__Nassign_helperPCcUi T_CFProxy.o
							T_CFProxyDeliverer.o
							T_CFSourceBinder.o
							T_CFSourceController.o
							T_CFSourceFormat.o
							T_CLEOConstants_DBSVResolutionLayer.o
							/nfs/cleo3/Offline/rel/cleo3_Pass2_Aug30_2001/lib/SunOS//CC/libDataDelivery.so
							/nfs/cleo3/Offline/rel/cleo3_Pass2_Aug30_2001/lib/SunOS//CC/libDataHandler.so
							/nfs/cleo3/Offline/rel/cleo3_Pass2_Aug30_2001/lib/SunOS//CC/libToolBox.so
__0oRos_charset_search7c6Qchar_traits_char_ctPCcUi T_CFProxy.o
							T_CFProxyDeliverer.o
							T_CFSourceBinder.o
							T_CFSourceController.o
							T_CFSourceFormat.o
							T_CLEOConstants_DBSVResolutionLayer.o
							/nfs/cleo3/Offline/rel/cleo3_Pass2_Aug30_2001/lib/SunOS//CC/libDataDelivery.so
							/nfs/cleo3/Offline/rel/cleo3_Pass2_Aug30_2001/lib/SunOS//CC/libDataHandler.so
							/nfs/cleo3/Offline/rel/cleo3_Pass2_Aug30_2001/lib/SunOS//CC/libToolBox.so
__0fJallocator76KKeyedProxy_HdestroyP6KKeyedProxy T_CFProxyDeliverer.o
							/nfs/cleo3/Offline/rel/cleo3_Pass2_Aug30_2001/lib/SunOS//CC/libDataHandler.so
__0dOCFSourceBinder76VSVResolutionLayerInfo_G__vtbl T_CFSourceBinder.o
							T_CFSourceFormat.o
__0fMbasic_string7c6Qchar_traits_char6Jallocator7c__Kdeallocatev T_CFProxy.o
							T_CFProxyDeliverer.o
							T_CFSourceBinder.o
							T_CFSourceController.o
							T_CFSourceFormat.o
							T_CLEOConstants_DBSVResolutionLayer.o
							/nfs/cleo3/Offline/rel/cleo3_Pass2_Aug30_2001/lib/SunOS//CC/libDataDelivery.so
							/nfs/cleo3/Offline/rel/cleo3_Pass2_Aug30_2001/lib/SunOS//CC/libDataHandler.so
							/nfs/cleo3/Offline/rel/cleo3_Pass2_Aug30_2001/lib/SunOS//CC/libToolBox.so
__0fJos_rbtree76KStreamType6KStreamType6Mos_stl_ident76KStreamType6KStreamType_6Eless76KStreamType__Llower_boundRC6KStreamType T_CFSourceFormat.o
							/nfs/cleo3/Offline/rel/cleo3_Pass2_Aug30_2001/lib/SunOS//CC/libDataDelivery.so
							/nfs/cleo3/Offline/rel/cleo3_Pass2_Aug30_2001/lib/SunOS//CC/libDataHandler.so
__0fJos_rbtree76KStreamType6KStreamType6Mos_stl_ident76KStreamType6KStreamType_6Eless76KStreamType__GinsertRC6KStreamType T_CFSourceFormat.o
							/nfs/cleo3/Offline/rel/cleo3_Pass2_Aug30_2001/lib/SunOS//CC/libDataDelivery.so
							/nfs/cleo3/Offline/rel/cleo3_Pass2_Aug30_2001/lib/SunOS//CC/libDataHandler.so
__0fMbasic_string7c6Qchar_traits_char6Jallocator7c__FrfindPCcUiTCK T_CFProxy.o
							T_CFProxyDeliverer.o
							T_CFSourceBinder.o
							T_CFSourceController.o
							T_CFSourceFormat.o
							T_CLEOConstants_DBSVResolutionLayer.o
							/nfs/cleo3/Offline/rel/cleo3_Pass2_Aug30_2001/lib/SunOS//CC/libDataDelivery.so
							/nfs/cleo3/Offline/rel/cleo3_Pass2_Aug30_2001/lib/SunOS//CC/libDataHandler.so
							/nfs/cleo3/Offline/rel/cleo3_Pass2_Aug30_2001/lib/SunOS//CC/libToolBox.so
__0fMbasic_string7c6Qchar_traits_char6Jallocator7c__Nappend_helperPCcUi T_CFProxy.o
							T_CFProxyDeliverer.o
							T_CFSourceBinder.o
							T_CFSourceController.o
							T_CFSourceFormat.o
							T_CLEOConstants_DBSVResolutionLayer.o
							/nfs/cleo3/Offline/rel/cleo3_Pass2_Aug30_2001/lib/SunOS//CC/libDataDelivery.so
							/nfs/cleo3/Offline/rel/cleo3_Pass2_Aug30_2001/lib/SunOS//CC/libDataHandler.so
							/nfs/cleo3/Offline/rel/cleo3_Pass2_Aug30_2001/lib/SunOS//CC/libToolBox.so
__0fRos_charset_search7c6Qchar_traits_char_Lfind_not_inPCcUiiK T_CFProxy.o
							T_CFProxyDeliverer.o
							T_CFSourceBinder.o
							T_CFSourceController.o
							T_CFSourceFormat.o
							T_CLEOConstants_DBSVResolutionLayer.o
							/nfs/cleo3/Offline/rel/cleo3_Pass2_Aug30_2001/lib/SunOS//CC/libDataDelivery.so
							/nfs/cleo3/Offline/rel/cleo3_Pass2_Aug30_2001/lib/SunOS//CC/libDataHandler.so
							/nfs/cleo3/Offline/rel/cleo3_Pass2_Aug30_2001/lib/SunOS//CC/libToolBox.so
__0dHCFProxy76TDBSVResolutionLayer_G__vtbl T_CFProxy.o
							T_CFProxyDeliverer.o
__0FSuninitialized_copyP6KKeyedProxyNCB6Jallocator76KKeyedProxy_ T_CFProxyDeliverer.o
							/nfs/cleo3/Offline/rel/cleo3_Pass2_Aug30_2001/lib/SunOS//CC/libDataHandler.so
__0dNProxyTemplate76NCLEOConstants76TDBSVResolutionLayer__G__vtbl T_CFProxy.o
							T_CFProxyDeliverer.o
							T_CLEOConstants_DBSVResolutionLayer.o
__0fMbasic_string7c6Qchar_traits_char6Jallocator7c__GsubstrUiTBK T_CFProxy.o
							T_CFProxyDeliverer.o
							T_CFSourceBinder.o
							T_CFSourceController.o
							T_CFSourceFormat.o
							T_CLEOConstants_DBSVResolutionLayer.o
							/nfs/cleo3/Offline/rel/cleo3_Pass2_Aug30_2001/lib/SunOS//CC/libDataDelivery.so
							/nfs/cleo3/Offline/rel/cleo3_Pass2_Aug30_2001/lib/SunOS//CC/libDataHandler.so
							/nfs/cleo3/Offline/rel/cleo3_Pass2_Aug30_2001/lib/SunOS//CC/libToolBox.so
